<xm:MappingScenario xmlns:xm="org/vagabond/xmlmodel">
  <Schemas>
    <SourceSchema>
      <Relation name="bee_ad_0_nl0_ce0">
        <Attr>
          <Name>winter_ad_0_nl0_ae0ke0</Name>
          <DataType>TEXT</DataType>
        </Attr>
        <Attr>
          <Name>avoid_ad_0_nl0_ae1</Name>
          <DataType>TEXT</DataType>
        </Attr>
        <Attr>
          <Name>clean_ad_0_nl0_ae2</Name>
          <DataType>TEXT</DataType>
        </Attr>
        <Attr>
          <Name>round_ad_0_nl0_ae3</Name>
          <DataType>TEXT</DataType>
        </Attr>
        <Attr>
          <Name>begin_ad_0_nl0_ae4</Name>
          <DataType>TEXT</DataType>
        </Attr>
        <Attr>
          <Name>create_ad_0_nl0_ae5</Name>
          <DataType>TEXT</DataType>
        </Attr>
        <PrimaryKey>
          <Attr>winter_ad_0_nl0_ae0ke0</Attr>
        </PrimaryKey>
      </Relation>
    </SourceSchema>
    <TargetSchema>
      <Relation name="copy_ad_0_nl0_ce0">
        <Attr>
          <Name>winter_ad_0_nl0_ae0ke0</Name>
          <DataType>TEXT</DataType>
        </Attr>
        <Attr>
          <Name>avoid_ad_0_nl0_ae1</Name>
          <DataType>TEXT</DataType>
        </Attr>
        <Attr>
          <Name>clean_ad_0_nl0_ae2</Name>
          <DataType>TEXT</DataType>
        </Attr>
        <Attr>
          <Name>round_ad_0_nl0_ae3</Name>
          <DataType>TEXT</DataType>
        </Attr>
        <Attr>
          <Name>begin_ad_0_nl0_ae4</Name>
          <DataType>TEXT</DataType>
        </Attr>
        <Attr>
          <Name>create_ad_0_nl0_ae5</Name>
          <DataType>TEXT</DataType>
        </Attr>
        <Attr>
          <Name>laugh_ad_0_nl0_ae6</Name>
          <DataType>TEXT</DataType>
        </Attr>
        <Attr>
          <Name>afford_ad_0_nl0_ae7</Name>
          <DataType>TEXT</DataType>
        </Attr>
        <Attr>
          <Name>reflect_ad_0_nl0_ae8</Name>
          <DataType>TEXT</DataType>
        </Attr>
        <PrimaryKey>
          <Attr>winter_ad_0_nl0_ae0ke0</Attr>
        </PrimaryKey>
      </Relation>
    </TargetSchema>
  </Schemas>
  <Correspondences>
    <Correspondence id="C0">
      <From tableref="bee_ad_0_nl0_ce0">
        <Attr>winter_ad_0_nl0_ae0ke0</Attr>
      </From>
      <To tableref="copy_ad_0_nl0_ce0">
        <Attr>winter_ad_0_nl0_ae0ke0</Attr>
      </To>
    </Correspondence>
    <Correspondence id="C1">
      <From tableref="bee_ad_0_nl0_ce0">
        <Attr>avoid_ad_0_nl0_ae1</Attr>
      </From>
      <To tableref="copy_ad_0_nl0_ce0">
        <Attr>avoid_ad_0_nl0_ae1</Attr>
      </To>
    </Correspondence>
    <Correspondence id="C2">
      <From tableref="bee_ad_0_nl0_ce0">
        <Attr>clean_ad_0_nl0_ae2</Attr>
      </From>
      <To tableref="copy_ad_0_nl0_ce0">
        <Attr>clean_ad_0_nl0_ae2</Attr>
      </To>
    </Correspondence>
    <Correspondence id="C3">
      <From tableref="bee_ad_0_nl0_ce0">
        <Attr>round_ad_0_nl0_ae3</Attr>
      </From>
      <To tableref="copy_ad_0_nl0_ce0">
        <Attr>round_ad_0_nl0_ae3</Attr>
      </To>
    </Correspondence>
    <Correspondence id="C4">
      <From tableref="bee_ad_0_nl0_ce0">
        <Attr>begin_ad_0_nl0_ae4</Attr>
      </From>
      <To tableref="copy_ad_0_nl0_ce0">
        <Attr>begin_ad_0_nl0_ae4</Attr>
      </To>
    </Correspondence>
    <Correspondence id="C5">
      <From tableref="bee_ad_0_nl0_ce0">
        <Attr>create_ad_0_nl0_ae5</Attr>
      </From>
      <To tableref="copy_ad_0_nl0_ce0">
        <Attr>create_ad_0_nl0_ae5</Attr>
      </To>
    </Correspondence>
  </Correspondences>
  <Mappings>
    <Mapping id="M0">
      <Uses>
        <Correspondence ref="C0"/>
        <Correspondence ref="C1"/>
        <Correspondence ref="C2"/>
        <Correspondence ref="C3"/>
        <Correspondence ref="C4"/>
        <Correspondence ref="C5"/>
      </Uses>
      <Foreach>
        <Atom tableref="bee_ad_0_nl0_ce0">
          <Var>a</Var>
          <Var>b</Var>
          <Var>c</Var>
          <Var>d</Var>
          <Var>e</Var>
          <Var>f</Var>
        </Atom>
      </Foreach>
      <Exists>
        <Atom tableref="copy_ad_0_nl0_ce0">
          <Var>a</Var>
          <Var>b</Var>
          <Var>c</Var>
          <Var>d</Var>
          <Var>e</Var>
          <Var>f</Var>
          <SKFunction skname="SK0">
            <Var>a</Var>
            <Var>b</Var>
            <Var>c</Var>
            <Var>d</Var>
            <Var>e</Var>
            <Var>f</Var>
          </SKFunction>
          <SKFunction skname="SK1">
            <Var>a</Var>
            <Var>b</Var>
            <Var>c</Var>
            <Var>d</Var>
            <Var>e</Var>
            <Var>f</Var>
          </SKFunction>
          <SKFunction skname="SK2">
            <Var>a</Var>
            <Var>b</Var>
            <Var>c</Var>
            <Var>d</Var>
            <Var>e</Var>
            <Var>f</Var>
          </SKFunction>
        </Atom>
      </Exists>
    </Mapping>
  </Mappings>
</xm:MappingScenario>