<xm:MappingScenario xmlns:xm="org/vagabond/xmlmodel">
  <Schemas>
    <SourceSchema>
      <Relation name="glove_ad_0_nl0_ce0">
        <Attr>
          <Name>dark_ad_0_nl0_ae0ke0</Name>
          <DataType>TEXT</DataType>
        </Attr>
        <Attr>
          <Name>picture_ad_0_nl0_ae1</Name>
          <DataType>TEXT</DataType>
        </Attr>
        <Attr>
          <Name>hanging_ad_0_nl0_ae2</Name>
          <DataType>TEXT</DataType>
        </Attr>
        <Attr>
          <Name>sun_ad_0_nl0_ae3</Name>
          <DataType>TEXT</DataType>
        </Attr>
        <Attr>
          <Name>leaf_ad_0_nl0_ae4</Name>
          <DataType>TEXT</DataType>
        </Attr>
        <Attr>
          <Name>claim_ad_0_nl0_ae5</Name>
          <DataType>TEXT</DataType>
        </Attr>
        <PrimaryKey>
          <Attr>dark_ad_0_nl0_ae0ke0</Attr>
        </PrimaryKey>
      </Relation>
    </SourceSchema>
    <TargetSchema>
      <Relation name="can_ad_0_nl0_ce0">
        <Attr>
          <Name>dark_ad_0_nl0_ae0ke0</Name>
          <DataType>TEXT</DataType>
        </Attr>
        <Attr>
          <Name>picture_ad_0_nl0_ae1</Name>
          <DataType>TEXT</DataType>
        </Attr>
        <Attr>
          <Name>hanging_ad_0_nl0_ae2</Name>
          <DataType>TEXT</DataType>
        </Attr>
        <Attr>
          <Name>sun_ad_0_nl0_ae3</Name>
          <DataType>TEXT</DataType>
        </Attr>
        <Attr>
          <Name>leaf_ad_0_nl0_ae4</Name>
          <DataType>TEXT</DataType>
        </Attr>
        <Attr>
          <Name>claim_ad_0_nl0_ae5</Name>
          <DataType>TEXT</DataType>
        </Attr>
        <Attr>
          <Name>clean_ad_0_nl0_ae6</Name>
          <DataType>TEXT</DataType>
        </Attr>
        <Attr>
          <Name>smell_ad_0_nl0_ae7</Name>
          <DataType>TEXT</DataType>
        </Attr>
        <Attr>
          <Name>involve_ad_0_nl0_ae8</Name>
          <DataType>TEXT</DataType>
        </Attr>
        <PrimaryKey>
          <Attr>dark_ad_0_nl0_ae0ke0</Attr>
        </PrimaryKey>
      </Relation>
    </TargetSchema>
  </Schemas>
  <Correspondences>
    <Correspondence id="C0">
      <From tableref="glove_ad_0_nl0_ce0">
        <Attr>dark_ad_0_nl0_ae0ke0</Attr>
      </From>
      <To tableref="can_ad_0_nl0_ce0">
        <Attr>dark_ad_0_nl0_ae0ke0</Attr>
      </To>
    </Correspondence>
    <Correspondence id="C1">
      <From tableref="glove_ad_0_nl0_ce0">
        <Attr>picture_ad_0_nl0_ae1</Attr>
      </From>
      <To tableref="can_ad_0_nl0_ce0">
        <Attr>picture_ad_0_nl0_ae1</Attr>
      </To>
    </Correspondence>
    <Correspondence id="C2">
      <From tableref="glove_ad_0_nl0_ce0">
        <Attr>hanging_ad_0_nl0_ae2</Attr>
      </From>
      <To tableref="can_ad_0_nl0_ce0">
        <Attr>hanging_ad_0_nl0_ae2</Attr>
      </To>
    </Correspondence>
    <Correspondence id="C3">
      <From tableref="glove_ad_0_nl0_ce0">
        <Attr>sun_ad_0_nl0_ae3</Attr>
      </From>
      <To tableref="can_ad_0_nl0_ce0">
        <Attr>sun_ad_0_nl0_ae3</Attr>
      </To>
    </Correspondence>
    <Correspondence id="C4">
      <From tableref="glove_ad_0_nl0_ce0">
        <Attr>leaf_ad_0_nl0_ae4</Attr>
      </From>
      <To tableref="can_ad_0_nl0_ce0">
        <Attr>leaf_ad_0_nl0_ae4</Attr>
      </To>
    </Correspondence>
    <Correspondence id="C5">
      <From tableref="glove_ad_0_nl0_ce0">
        <Attr>claim_ad_0_nl0_ae5</Attr>
      </From>
      <To tableref="can_ad_0_nl0_ce0">
        <Attr>claim_ad_0_nl0_ae5</Attr>
      </To>
    </Correspondence>
  </Correspondences>
  <Mappings>
    <Mapping id="M0">
      <Uses>
        <Correspondence ref="C0"/>
        <Correspondence ref="C1"/>
        <Correspondence ref="C2"/>
        <Correspondence ref="C3"/>
        <Correspondence ref="C4"/>
        <Correspondence ref="C5"/>
      </Uses>
      <Foreach>
        <Atom tableref="glove_ad_0_nl0_ce0">
          <Var>a</Var>
          <Var>b</Var>
          <Var>c</Var>
          <Var>d</Var>
          <Var>e</Var>
          <Var>f</Var>
        </Atom>
      </Foreach>
      <Exists>
        <Atom tableref="can_ad_0_nl0_ce0">
          <Var>a</Var>
          <Var>b</Var>
          <Var>c</Var>
          <Var>d</Var>
          <Var>e</Var>
          <Var>f</Var>
          <SKFunction skname="SK0">
            <Var>a</Var>
          </SKFunction>
          <SKFunction skname="SK1">
            <Var>a</Var>
          </SKFunction>
          <SKFunction skname="SK2">
            <Var>a</Var>
          </SKFunction>
        </Atom>
      </Exists>
    </Mapping>
  </Mappings>
</xm:MappingScenario>