<xm:MappingScenario xmlns:xm="org/vagabond/xmlmodel">
  <Schemas>
    <SourceSchema>
      <Relation name="news_adl_0_nl0_ce0">
        <Attr>
          <Name>committee_adl_0_nl0_ae0ke0</Name>
          <DataType>TEXT</DataType>
        </Attr>
        <Attr>
          <Name>roof_adl_0_nl0_ae1</Name>
          <DataType>TEXT</DataType>
        </Attr>
        <Attr>
          <Name>match_adl_0_nl0_ae2</Name>
          <DataType>TEXT</DataType>
        </Attr>
        <Attr>
          <Name>education_adl_0_nl0_ae3</Name>
          <DataType>TEXT</DataType>
        </Attr>
        <Attr>
          <Name>dress_adl_0_nl0_ae4</Name>
          <DataType>TEXT</DataType>
        </Attr>
        <Attr>
          <Name>group_adl_0_nl0_ae5</Name>
          <DataType>TEXT</DataType>
        </Attr>
        <PrimaryKey>
          <Attr>committee_adl_0_nl0_ae0ke0</Attr>
        </PrimaryKey>
      </Relation>
    </SourceSchema>
    <TargetSchema>
      <Relation name="plough_adl_0_nl0_ce0">
        <Attr>
          <Name>committee_adl_0_nl0_ae0ke0</Name>
          <DataType>TEXT</DataType>
        </Attr>
        <Attr>
          <Name>roof_adl_0_nl0_ae1</Name>
          <DataType>TEXT</DataType>
        </Attr>
        <Attr>
          <Name>match_adl_0_nl0_ae2</Name>
          <DataType>TEXT</DataType>
        </Attr>
        <Attr>
          <Name>education_adl_0_nl0_ae3</Name>
          <DataType>TEXT</DataType>
        </Attr>
        <Attr>
          <Name>dress_adl_0_nl0_ae4</Name>
          <DataType>TEXT</DataType>
        </Attr>
        <Attr>
          <Name>cover_adl_0_nl0_ae5</Name>
          <DataType>TEXT</DataType>
        </Attr>
        <Attr>
          <Name>cry_adl_0_nl0_ae6</Name>
          <DataType>TEXT</DataType>
        </Attr>
        <Attr>
          <Name>stocking_adl_0_nl0_ae7</Name>
          <DataType>TEXT</DataType>
        </Attr>
        <PrimaryKey>
          <Attr>committee_adl_0_nl0_ae0ke0</Attr>
        </PrimaryKey>
      </Relation>
    </TargetSchema>
  </Schemas>
  <Correspondences>
    <Correspondence id="C0">
      <From tableref="news_adl_0_nl0_ce0">
        <Attr>committee_adl_0_nl0_ae0ke0</Attr>
      </From>
      <To tableref="plough_adl_0_nl0_ce0">
        <Attr>committee_adl_0_nl0_ae0ke0</Attr>
      </To>
    </Correspondence>
    <Correspondence id="C1">
      <From tableref="news_adl_0_nl0_ce0">
        <Attr>roof_adl_0_nl0_ae1</Attr>
      </From>
      <To tableref="plough_adl_0_nl0_ce0">
        <Attr>roof_adl_0_nl0_ae1</Attr>
      </To>
    </Correspondence>
    <Correspondence id="C2">
      <From tableref="news_adl_0_nl0_ce0">
        <Attr>match_adl_0_nl0_ae2</Attr>
      </From>
      <To tableref="plough_adl_0_nl0_ce0">
        <Attr>match_adl_0_nl0_ae2</Attr>
      </To>
    </Correspondence>
    <Correspondence id="C3">
      <From tableref="news_adl_0_nl0_ce0">
        <Attr>education_adl_0_nl0_ae3</Attr>
      </From>
      <To tableref="plough_adl_0_nl0_ce0">
        <Attr>education_adl_0_nl0_ae3</Attr>
      </To>
    </Correspondence>
    <Correspondence id="C4">
      <From tableref="news_adl_0_nl0_ce0">
        <Attr>dress_adl_0_nl0_ae4</Attr>
      </From>
      <To tableref="plough_adl_0_nl0_ce0">
        <Attr>dress_adl_0_nl0_ae4</Attr>
      </To>
    </Correspondence>
  </Correspondences>
  <Mappings>
    <Mapping id="M0">
      <Uses>
        <Correspondence ref="C0"/>
        <Correspondence ref="C1"/>
        <Correspondence ref="C2"/>
        <Correspondence ref="C3"/>
        <Correspondence ref="C4"/>
      </Uses>
      <Foreach>
        <Atom tableref="news_adl_0_nl0_ce0">
          <Var>a</Var>
          <Var>b</Var>
          <Var>c</Var>
          <Var>d</Var>
          <Var>e</Var>
          <Var>f</Var>
        </Atom>
      </Foreach>
      <Exists>
        <Atom tableref="plough_adl_0_nl0_ce0">
          <Var>a</Var>
          <Var>b</Var>
          <Var>c</Var>
          <Var>d</Var>
          <Var>e</Var>
          <SKFunction skname="SK0">
            <Var>a</Var>
          </SKFunction>
          <SKFunction skname="SK1">
            <Var>a</Var>
          </SKFunction>
          <SKFunction skname="SK2">
            <Var>a</Var>
          </SKFunction>
        </Atom>
      </Exists>
    </Mapping>
  </Mappings>
</xm:MappingScenario>