<xm:MappingScenario xmlns:xm="org/vagabond/xmlmodel">
  <Schemas>
    <SourceSchema>
      <Relation name="degree_adl_0_nl0_ce0">
        <Attr>
          <Name>forgive_adl_0_nl0_ae0ke0</Name>
          <DataType>TEXT</DataType>
        </Attr>
        <Attr>
          <Name>weight_adl_0_nl0_ae1</Name>
          <DataType>TEXT</DataType>
        </Attr>
        <Attr>
          <Name>event_adl_0_nl0_ae2</Name>
          <DataType>TEXT</DataType>
        </Attr>
        <Attr>
          <Name>sort_adl_0_nl0_ae3</Name>
          <DataType>TEXT</DataType>
        </Attr>
        <Attr>
          <Name>mean_adl_0_nl0_ae4</Name>
          <DataType>TEXT</DataType>
        </Attr>
        <Attr>
          <Name>desire_adl_0_nl0_ae5</Name>
          <DataType>TEXT</DataType>
        </Attr>
        <PrimaryKey>
          <Attr>forgive_adl_0_nl0_ae0ke0</Attr>
        </PrimaryKey>
      </Relation>
    </SourceSchema>
    <TargetSchema>
      <Relation name="paste_adl_0_nl0_ce0">
        <Attr>
          <Name>forgive_adl_0_nl0_ae0ke0</Name>
          <DataType>TEXT</DataType>
        </Attr>
        <Attr>
          <Name>weight_adl_0_nl0_ae1</Name>
          <DataType>TEXT</DataType>
        </Attr>
        <Attr>
          <Name>event_adl_0_nl0_ae2</Name>
          <DataType>TEXT</DataType>
        </Attr>
        <Attr>
          <Name>sort_adl_0_nl0_ae3</Name>
          <DataType>TEXT</DataType>
        </Attr>
        <Attr>
          <Name>mean_adl_0_nl0_ae4</Name>
          <DataType>TEXT</DataType>
        </Attr>
        <Attr>
          <Name>account_adl_0_nl0_ae5</Name>
          <DataType>TEXT</DataType>
        </Attr>
        <Attr>
          <Name>fiction_adl_0_nl0_ae6</Name>
          <DataType>TEXT</DataType>
        </Attr>
        <Attr>
          <Name>time_adl_0_nl0_ae7</Name>
          <DataType>TEXT</DataType>
        </Attr>
        <PrimaryKey>
          <Attr>forgive_adl_0_nl0_ae0ke0</Attr>
        </PrimaryKey>
      </Relation>
    </TargetSchema>
  </Schemas>
  <Correspondences>
    <Correspondence id="C0">
      <From tableref="degree_adl_0_nl0_ce0">
        <Attr>forgive_adl_0_nl0_ae0ke0</Attr>
      </From>
      <To tableref="paste_adl_0_nl0_ce0">
        <Attr>forgive_adl_0_nl0_ae0ke0</Attr>
      </To>
    </Correspondence>
    <Correspondence id="C1">
      <From tableref="degree_adl_0_nl0_ce0">
        <Attr>weight_adl_0_nl0_ae1</Attr>
      </From>
      <To tableref="paste_adl_0_nl0_ce0">
        <Attr>weight_adl_0_nl0_ae1</Attr>
      </To>
    </Correspondence>
    <Correspondence id="C2">
      <From tableref="degree_adl_0_nl0_ce0">
        <Attr>event_adl_0_nl0_ae2</Attr>
      </From>
      <To tableref="paste_adl_0_nl0_ce0">
        <Attr>event_adl_0_nl0_ae2</Attr>
      </To>
    </Correspondence>
    <Correspondence id="C3">
      <From tableref="degree_adl_0_nl0_ce0">
        <Attr>sort_adl_0_nl0_ae3</Attr>
      </From>
      <To tableref="paste_adl_0_nl0_ce0">
        <Attr>sort_adl_0_nl0_ae3</Attr>
      </To>
    </Correspondence>
    <Correspondence id="C4">
      <From tableref="degree_adl_0_nl0_ce0">
        <Attr>mean_adl_0_nl0_ae4</Attr>
      </From>
      <To tableref="paste_adl_0_nl0_ce0">
        <Attr>mean_adl_0_nl0_ae4</Attr>
      </To>
    </Correspondence>
  </Correspondences>
  <Mappings>
    <Mapping id="M0">
      <Uses>
        <Correspondence ref="C0"/>
        <Correspondence ref="C1"/>
        <Correspondence ref="C2"/>
        <Correspondence ref="C3"/>
        <Correspondence ref="C4"/>
      </Uses>
      <Foreach>
        <Atom tableref="degree_adl_0_nl0_ce0">
          <Var>a</Var>
          <Var>b</Var>
          <Var>c</Var>
          <Var>d</Var>
          <Var>e</Var>
          <Var>f</Var>
        </Atom>
      </Foreach>
      <Exists>
        <Atom tableref="paste_adl_0_nl0_ce0">
          <Var>a</Var>
          <Var>b</Var>
          <Var>c</Var>
          <Var>d</Var>
          <Var>e</Var>
          <SKFunction skname="SK0">
            <Var>b</Var>
            <Var>c</Var>
            <Var>e</Var>
          </SKFunction>
          <SKFunction skname="SK1">
            <Var>e</Var>
            <Var>f</Var>
          </SKFunction>
          <SKFunction skname="SK2">
            <Var>a</Var>
            <Var>c</Var>
            <Var>d</Var>
            <Var>e</Var>
          </SKFunction>
        </Atom>
      </Exists>
    </Mapping>
  </Mappings>
</xm:MappingScenario>