<xm:MappingScenario xmlns:xm="org/vagabond/xmlmodel">
  <Schemas>
    <SourceSchema>
      <Relation name="act_adl_0_nl0_ce0">
        <Attr>
          <Name>chief_adl_0_nl0_ae0ke0</Name>
          <DataType>TEXT</DataType>
        </Attr>
        <Attr>
          <Name>invite_adl_0_nl0_ae1</Name>
          <DataType>TEXT</DataType>
        </Attr>
        <Attr>
          <Name>avoid_adl_0_nl0_ae2</Name>
          <DataType>TEXT</DataType>
        </Attr>
        <Attr>
          <Name>card_adl_0_nl0_ae3</Name>
          <DataType>TEXT</DataType>
        </Attr>
        <Attr>
          <Name>walk_adl_0_nl0_ae4</Name>
          <DataType>TEXT</DataType>
        </Attr>
        <Attr>
          <Name>drain_adl_0_nl0_ae5</Name>
          <DataType>TEXT</DataType>
        </Attr>
        <PrimaryKey>
          <Attr>chief_adl_0_nl0_ae0ke0</Attr>
        </PrimaryKey>
      </Relation>
    </SourceSchema>
    <TargetSchema>
      <Relation name="cough_adl_0_nl0_ce0">
        <Attr>
          <Name>chief_adl_0_nl0_ae0ke0</Name>
          <DataType>TEXT</DataType>
        </Attr>
        <Attr>
          <Name>invite_adl_0_nl0_ae1</Name>
          <DataType>TEXT</DataType>
        </Attr>
        <Attr>
          <Name>avoid_adl_0_nl0_ae2</Name>
          <DataType>TEXT</DataType>
        </Attr>
        <Attr>
          <Name>card_adl_0_nl0_ae3</Name>
          <DataType>TEXT</DataType>
        </Attr>
        <Attr>
          <Name>walk_adl_0_nl0_ae4</Name>
          <DataType>TEXT</DataType>
        </Attr>
        <Attr>
          <Name>size_adl_0_nl0_ae5</Name>
          <DataType>TEXT</DataType>
        </Attr>
        <Attr>
          <Name>raise_adl_0_nl0_ae6</Name>
          <DataType>TEXT</DataType>
        </Attr>
        <Attr>
          <Name>baby_adl_0_nl0_ae7</Name>
          <DataType>TEXT</DataType>
        </Attr>
        <PrimaryKey>
          <Attr>chief_adl_0_nl0_ae0ke0</Attr>
        </PrimaryKey>
      </Relation>
    </TargetSchema>
  </Schemas>
  <Correspondences>
    <Correspondence id="C0">
      <From tableref="act_adl_0_nl0_ce0">
        <Attr>chief_adl_0_nl0_ae0ke0</Attr>
      </From>
      <To tableref="cough_adl_0_nl0_ce0">
        <Attr>chief_adl_0_nl0_ae0ke0</Attr>
      </To>
    </Correspondence>
    <Correspondence id="C1">
      <From tableref="act_adl_0_nl0_ce0">
        <Attr>invite_adl_0_nl0_ae1</Attr>
      </From>
      <To tableref="cough_adl_0_nl0_ce0">
        <Attr>invite_adl_0_nl0_ae1</Attr>
      </To>
    </Correspondence>
    <Correspondence id="C2">
      <From tableref="act_adl_0_nl0_ce0">
        <Attr>avoid_adl_0_nl0_ae2</Attr>
      </From>
      <To tableref="cough_adl_0_nl0_ce0">
        <Attr>avoid_adl_0_nl0_ae2</Attr>
      </To>
    </Correspondence>
    <Correspondence id="C3">
      <From tableref="act_adl_0_nl0_ce0">
        <Attr>card_adl_0_nl0_ae3</Attr>
      </From>
      <To tableref="cough_adl_0_nl0_ce0">
        <Attr>card_adl_0_nl0_ae3</Attr>
      </To>
    </Correspondence>
    <Correspondence id="C4">
      <From tableref="act_adl_0_nl0_ce0">
        <Attr>walk_adl_0_nl0_ae4</Attr>
      </From>
      <To tableref="cough_adl_0_nl0_ce0">
        <Attr>walk_adl_0_nl0_ae4</Attr>
      </To>
    </Correspondence>
  </Correspondences>
  <Mappings>
    <Mapping id="M0">
      <Uses>
        <Correspondence ref="C0"/>
        <Correspondence ref="C1"/>
        <Correspondence ref="C2"/>
        <Correspondence ref="C3"/>
        <Correspondence ref="C4"/>
      </Uses>
      <Foreach>
        <Atom tableref="act_adl_0_nl0_ce0">
          <Var>a</Var>
          <Var>b</Var>
          <Var>c</Var>
          <Var>d</Var>
          <Var>e</Var>
          <Var>f</Var>
        </Atom>
      </Foreach>
      <Exists>
        <Atom tableref="cough_adl_0_nl0_ce0">
          <Var>a</Var>
          <Var>b</Var>
          <Var>c</Var>
          <Var>d</Var>
          <Var>e</Var>
          <SKFunction skname="SK0">
            <Var>b</Var>
            <Var>c</Var>
            <Var>e</Var>
          </SKFunction>
          <SKFunction skname="SK1">
            <Var>e</Var>
            <Var>f</Var>
          </SKFunction>
          <SKFunction skname="SK2">
            <Var>a</Var>
            <Var>c</Var>
            <Var>d</Var>
            <Var>e</Var>
          </SKFunction>
        </Atom>
      </Exists>
    </Mapping>
  </Mappings>
</xm:MappingScenario>