<xm:MappingScenario xmlns:xm="org/vagabond/xmlmodel">
  <Schemas>
    <SourceSchema>
      <Relation name="test_cp_0_nl0_ce0">
        <Attr>
          <Name>nut_cp_0_nl0_ae0ke0</Name>
          <DataType>TEXT</DataType>
        </Attr>
        <Attr>
          <Name>slope_cp_0_nl0_ae1</Name>
          <DataType>TEXT</DataType>
        </Attr>
        <Attr>
          <Name>measure_cp_0_nl0_ae2</Name>
          <DataType>TEXT</DataType>
        </Attr>
        <Attr>
          <Name>touch_cp_0_nl0_ae3</Name>
          <DataType>TEXT</DataType>
        </Attr>
        <Attr>
          <Name>cheese_cp_0_nl0_ae4</Name>
          <DataType>TEXT</DataType>
        </Attr>
        <Attr>
          <Name>society_cp_0_nl0_ae5</Name>
          <DataType>TEXT</DataType>
        </Attr>
        <PrimaryKey>
          <Attr>nut_cp_0_nl0_ae0ke0</Attr>
        </PrimaryKey>
      </Relation>
    </SourceSchema>
    <TargetSchema>
      <Relation name="test_cp_0_nl0_ce0copy0">
        <Attr>
          <Name>nut_cp_0_nl0_ae0ke0</Name>
          <DataType>TEXT</DataType>
        </Attr>
        <Attr>
          <Name>slope_cp_0_nl0_ae1</Name>
          <DataType>TEXT</DataType>
        </Attr>
        <Attr>
          <Name>measure_cp_0_nl0_ae2</Name>
          <DataType>TEXT</DataType>
        </Attr>
        <Attr>
          <Name>touch_cp_0_nl0_ae3</Name>
          <DataType>TEXT</DataType>
        </Attr>
        <Attr>
          <Name>cheese_cp_0_nl0_ae4</Name>
          <DataType>TEXT</DataType>
        </Attr>
        <Attr>
          <Name>society_cp_0_nl0_ae5</Name>
          <DataType>TEXT</DataType>
        </Attr>
        <PrimaryKey>
          <Attr>nut_cp_0_nl0_ae0ke0</Attr>
        </PrimaryKey>
      </Relation>
    </TargetSchema>
  </Schemas>
  <Correspondences>
    <Correspondence id="C0">
      <From tableref="test_cp_0_nl0_ce0">
        <Attr>nut_cp_0_nl0_ae0ke0</Attr>
      </From>
      <To tableref="test_cp_0_nl0_ce0copy0">
        <Attr>nut_cp_0_nl0_ae0ke0</Attr>
      </To>
    </Correspondence>
    <Correspondence id="C1">
      <From tableref="test_cp_0_nl0_ce0">
        <Attr>slope_cp_0_nl0_ae1</Attr>
      </From>
      <To tableref="test_cp_0_nl0_ce0copy0">
        <Attr>slope_cp_0_nl0_ae1</Attr>
      </To>
    </Correspondence>
    <Correspondence id="C2">
      <From tableref="test_cp_0_nl0_ce0">
        <Attr>measure_cp_0_nl0_ae2</Attr>
      </From>
      <To tableref="test_cp_0_nl0_ce0copy0">
        <Attr>measure_cp_0_nl0_ae2</Attr>
      </To>
    </Correspondence>
    <Correspondence id="C3">
      <From tableref="test_cp_0_nl0_ce0">
        <Attr>touch_cp_0_nl0_ae3</Attr>
      </From>
      <To tableref="test_cp_0_nl0_ce0copy0">
        <Attr>touch_cp_0_nl0_ae3</Attr>
      </To>
    </Correspondence>
    <Correspondence id="C4">
      <From tableref="test_cp_0_nl0_ce0">
        <Attr>cheese_cp_0_nl0_ae4</Attr>
      </From>
      <To tableref="test_cp_0_nl0_ce0copy0">
        <Attr>cheese_cp_0_nl0_ae4</Attr>
      </To>
    </Correspondence>
    <Correspondence id="C5">
      <From tableref="test_cp_0_nl0_ce0">
        <Attr>society_cp_0_nl0_ae5</Attr>
      </From>
      <To tableref="test_cp_0_nl0_ce0copy0">
        <Attr>society_cp_0_nl0_ae5</Attr>
      </To>
    </Correspondence>
  </Correspondences>
  <Mappings>
    <Mapping id="M0">
      <Uses>
        <Correspondence ref="C0"/>
        <Correspondence ref="C1"/>
        <Correspondence ref="C2"/>
        <Correspondence ref="C3"/>
        <Correspondence ref="C4"/>
        <Correspondence ref="C5"/>
      </Uses>
      <Foreach>
        <Atom tableref="test_cp_0_nl0_ce0">
          <Var>a</Var>
          <Var>b</Var>
          <Var>c</Var>
          <Var>d</Var>
          <Var>e</Var>
          <Var>f</Var>
        </Atom>
      </Foreach>
      <Exists>
        <Atom tableref="test_cp_0_nl0_ce0copy0">
          <Var>a</Var>
          <Var>b</Var>
          <Var>c</Var>
          <Var>d</Var>
          <Var>e</Var>
          <Var>f</Var>
        </Atom>
      </Exists>
    </Mapping>
  </Mappings>
</xm:MappingScenario>