<xm:MappingScenario xmlns:xm="org/vagabond/xmlmodel">
  <Schemas>
    <SourceSchema>
      <Relation name="publish_dl_0_nl0_ce0">
        <Attr>
          <Name>middle_dl_0_nl0_ae0ke0</Name>
          <DataType>TEXT</DataType>
        </Attr>
        <Attr>
          <Name>attempt_dl_0_nl0_ae1</Name>
          <DataType>TEXT</DataType>
        </Attr>
        <Attr>
          <Name>hear_dl_0_nl0_ae2</Name>
          <DataType>TEXT</DataType>
        </Attr>
        <Attr>
          <Name>meal_dl_0_nl0_ae3</Name>
          <DataType>TEXT</DataType>
        </Attr>
        <Attr>
          <Name>reason_dl_0_nl0_ae4</Name>
          <DataType>TEXT</DataType>
        </Attr>
        <Attr>
          <Name>degree_dl_0_nl0_ae5</Name>
          <DataType>TEXT</DataType>
        </Attr>
        <PrimaryKey>
          <Attr>middle_dl_0_nl0_ae0ke0</Attr>
        </PrimaryKey>
      </Relation>
    </SourceSchema>
    <TargetSchema>
      <Relation name="work_dl_0_nl0_ce0">
        <Attr>
          <Name>middle_dl_0_nl0_ae0ke0</Name>
          <DataType>TEXT</DataType>
        </Attr>
        <Attr>
          <Name>attempt_dl_0_nl0_ae1</Name>
          <DataType>TEXT</DataType>
        </Attr>
        <Attr>
          <Name>hear_dl_0_nl0_ae2</Name>
          <DataType>TEXT</DataType>
        </Attr>
        <Attr>
          <Name>meal_dl_0_nl0_ae3</Name>
          <DataType>TEXT</DataType>
        </Attr>
        <Attr>
          <Name>reason_dl_0_nl0_ae4</Name>
          <DataType>TEXT</DataType>
        </Attr>
        <PrimaryKey>
          <Attr>middle_dl_0_nl0_ae0ke0</Attr>
        </PrimaryKey>
      </Relation>
    </TargetSchema>
  </Schemas>
  <Correspondences>
    <Correspondence id="C0">
      <From tableref="publish_dl_0_nl0_ce0">
        <Attr>middle_dl_0_nl0_ae0ke0</Attr>
      </From>
      <To tableref="work_dl_0_nl0_ce0">
        <Attr>middle_dl_0_nl0_ae0ke0</Attr>
      </To>
    </Correspondence>
    <Correspondence id="C1">
      <From tableref="publish_dl_0_nl0_ce0">
        <Attr>attempt_dl_0_nl0_ae1</Attr>
      </From>
      <To tableref="work_dl_0_nl0_ce0">
        <Attr>attempt_dl_0_nl0_ae1</Attr>
      </To>
    </Correspondence>
    <Correspondence id="C2">
      <From tableref="publish_dl_0_nl0_ce0">
        <Attr>hear_dl_0_nl0_ae2</Attr>
      </From>
      <To tableref="work_dl_0_nl0_ce0">
        <Attr>hear_dl_0_nl0_ae2</Attr>
      </To>
    </Correspondence>
    <Correspondence id="C3">
      <From tableref="publish_dl_0_nl0_ce0">
        <Attr>meal_dl_0_nl0_ae3</Attr>
      </From>
      <To tableref="work_dl_0_nl0_ce0">
        <Attr>meal_dl_0_nl0_ae3</Attr>
      </To>
    </Correspondence>
    <Correspondence id="C4">
      <From tableref="publish_dl_0_nl0_ce0">
        <Attr>reason_dl_0_nl0_ae4</Attr>
      </From>
      <To tableref="work_dl_0_nl0_ce0">
        <Attr>reason_dl_0_nl0_ae4</Attr>
      </To>
    </Correspondence>
  </Correspondences>
  <Mappings>
    <Mapping id="M0">
      <Uses>
        <Correspondence ref="C0"/>
        <Correspondence ref="C1"/>
        <Correspondence ref="C2"/>
        <Correspondence ref="C3"/>
        <Correspondence ref="C4"/>
      </Uses>
      <Foreach>
        <Atom tableref="publish_dl_0_nl0_ce0">
          <Var>a</Var>
          <Var>b</Var>
          <Var>c</Var>
          <Var>d</Var>
          <Var>e</Var>
          <Var>f</Var>
        </Atom>
      </Foreach>
      <Exists>
        <Atom tableref="work_dl_0_nl0_ce0">
          <Var>a</Var>
          <Var>b</Var>
          <Var>c</Var>
          <Var>d</Var>
          <Var>e</Var>
        </Atom>
      </Exists>
    </Mapping>
  </Mappings>
</xm:MappingScenario>