<xm:MappingScenario xmlns:xm="org/vagabond/xmlmodel">
  <Schemas>
    <SourceSchema>
      <Relation name="branch_of_0_nl0_ce0">
        <Attr>
          <Name>compare_of_0_nl0_ae0__of0ke0</Name>
          <DataType>TEXT</DataType>
        </Attr>
        <Attr>
          <Name>demand_of_0_nl0_ae1</Name>
          <DataType>TEXT</DataType>
        </Attr>
        <Attr>
          <Name>great_of_0_nl0_ae2</Name>
          <DataType>TEXT</DataType>
        </Attr>
        <Attr>
          <Name>board_of_0_nl0_ae3</Name>
          <DataType>TEXT</DataType>
        </Attr>
        <Attr>
          <Name>affect_of_0_nl0_ae4</Name>
          <DataType>TEXT</DataType>
        </Attr>
        <Attr>
          <Name>different_of_0_nl0_ae5</Name>
          <DataType>TEXT</DataType>
        </Attr>
        <PrimaryKey>
          <Attr>compare_of_0_nl0_ae0__of0ke0</Attr>
        </PrimaryKey>
      </Relation>
      <Relation name="society_of_0_nl0_ce1">
        <Attr>
          <Name>compare_of_0_nl0_ae0__of0ke0</Name>
          <DataType>TEXT</DataType>
        </Attr>
        <Attr>
          <Name>warn_of_0_nl1_ae1</Name>
          <DataType>TEXT</DataType>
        </Attr>
        <Attr>
          <Name>tail_of_0_nl1_ae2</Name>
          <DataType>TEXT</DataType>
        </Attr>
        <Attr>
          <Name>red_of_0_nl1_ae3</Name>
          <DataType>TEXT</DataType>
        </Attr>
        <Attr>
          <Name>wrong_of_0_nl1_ae4</Name>
          <DataType>TEXT</DataType>
        </Attr>
        <Attr>
          <Name>past_of_0_nl1_ae5</Name>
          <DataType>TEXT</DataType>
        </Attr>
        <PrimaryKey>
          <Attr>compare_of_0_nl0_ae0__of0ke0</Attr>
        </PrimaryKey>
      </Relation>
      <Relation name="wheel_of_0_nl0_ce2">
        <Attr>
          <Name>compare_of_0_nl0_ae0__of0ke0</Name>
          <DataType>TEXT</DataType>
        </Attr>
        <Attr>
          <Name>work_of_0_nl2_ae1</Name>
          <DataType>TEXT</DataType>
        </Attr>
        <Attr>
          <Name>letter_of_0_nl2_ae2</Name>
          <DataType>TEXT</DataType>
        </Attr>
        <Attr>
          <Name>blue_of_0_nl2_ae3</Name>
          <DataType>TEXT</DataType>
        </Attr>
        <Attr>
          <Name>describe_of_0_nl2_ae4</Name>
          <DataType>TEXT</DataType>
        </Attr>
        <Attr>
          <Name>report_of_0_nl2_ae5</Name>
          <DataType>TEXT</DataType>
        </Attr>
        <PrimaryKey>
          <Attr>compare_of_0_nl0_ae0__of0ke0</Attr>
        </PrimaryKey>
      </Relation>
    </SourceSchema>
    <TargetSchema>
      <Relation name="night_of_0_nl0_ce0T">
        <Attr>
          <Name>compare_of_0_nl0_ae0__of0ke0</Name>
          <DataType>TEXT</DataType>
        </Attr>
        <Attr>
          <Name>demand_of_0_nl0_ae1</Name>
          <DataType>TEXT</DataType>
        </Attr>
        <Attr>
          <Name>great_of_0_nl0_ae2</Name>
          <DataType>TEXT</DataType>
        </Attr>
        <Attr>
          <Name>board_of_0_nl0_ae3</Name>
          <DataType>TEXT</DataType>
        </Attr>
        <Attr>
          <Name>affect_of_0_nl0_ae4</Name>
          <DataType>TEXT</DataType>
        </Attr>
        <Attr>
          <Name>different_of_0_nl0_ae5</Name>
          <DataType>TEXT</DataType>
        </Attr>
        <Attr>
          <Name>warn_of_0_nl1_ae1</Name>
          <DataType>TEXT</DataType>
        </Attr>
        <Attr>
          <Name>tail_of_0_nl1_ae2</Name>
          <DataType>TEXT</DataType>
        </Attr>
        <Attr>
          <Name>red_of_0_nl1_ae3</Name>
          <DataType>TEXT</DataType>
        </Attr>
        <Attr>
          <Name>wrong_of_0_nl1_ae4</Name>
          <DataType>TEXT</DataType>
        </Attr>
        <Attr>
          <Name>past_of_0_nl1_ae5</Name>
          <DataType>TEXT</DataType>
        </Attr>
        <Attr>
          <Name>work_of_0_nl2_ae1</Name>
          <DataType>TEXT</DataType>
        </Attr>
        <Attr>
          <Name>letter_of_0_nl2_ae2</Name>
          <DataType>TEXT</DataType>
        </Attr>
        <Attr>
          <Name>blue_of_0_nl2_ae3</Name>
          <DataType>TEXT</DataType>
        </Attr>
        <Attr>
          <Name>describe_of_0_nl2_ae4</Name>
          <DataType>TEXT</DataType>
        </Attr>
        <Attr>
          <Name>report_of_0_nl2_ae5</Name>
          <DataType>TEXT</DataType>
        </Attr>
        <PrimaryKey>
          <Attr>compare_of_0_nl0_ae0__of0ke0</Attr>
        </PrimaryKey>
      </Relation>
    </TargetSchema>
  </Schemas>
  <Correspondences>
    <Correspondence id="C0">
      <From tableref="branch_of_0_nl0_ce0">
        <Attr>compare_of_0_nl0_ae0__of0ke0</Attr>
      </From>
      <To tableref="night_of_0_nl0_ce0T">
        <Attr>compare_of_0_nl0_ae0__of0ke0</Attr>
      </To>
    </Correspondence>
    <Correspondence id="C1">
      <From tableref="society_of_0_nl0_ce1">
        <Attr>compare_of_0_nl0_ae0__of0ke0</Attr>
      </From>
      <To tableref="night_of_0_nl0_ce0T">
        <Attr>compare_of_0_nl0_ae0__of0ke0</Attr>
      </To>
    </Correspondence>
    <Correspondence id="C2">
      <From tableref="wheel_of_0_nl0_ce2">
        <Attr>compare_of_0_nl0_ae0__of0ke0</Attr>
      </From>
      <To tableref="night_of_0_nl0_ce0T">
        <Attr>compare_of_0_nl0_ae0__of0ke0</Attr>
      </To>
    </Correspondence>
    <Correspondence id="C3">
      <From tableref="branch_of_0_nl0_ce0">
        <Attr>demand_of_0_nl0_ae1</Attr>
      </From>
      <To tableref="night_of_0_nl0_ce0T">
        <Attr>demand_of_0_nl0_ae1</Attr>
      </To>
    </Correspondence>
    <Correspondence id="C4">
      <From tableref="branch_of_0_nl0_ce0">
        <Attr>great_of_0_nl0_ae2</Attr>
      </From>
      <To tableref="night_of_0_nl0_ce0T">
        <Attr>great_of_0_nl0_ae2</Attr>
      </To>
    </Correspondence>
    <Correspondence id="C5">
      <From tableref="branch_of_0_nl0_ce0">
        <Attr>board_of_0_nl0_ae3</Attr>
      </From>
      <To tableref="night_of_0_nl0_ce0T">
        <Attr>board_of_0_nl0_ae3</Attr>
      </To>
    </Correspondence>
    <Correspondence id="C6">
      <From tableref="branch_of_0_nl0_ce0">
        <Attr>affect_of_0_nl0_ae4</Attr>
      </From>
      <To tableref="night_of_0_nl0_ce0T">
        <Attr>affect_of_0_nl0_ae4</Attr>
      </To>
    </Correspondence>
    <Correspondence id="C7">
      <From tableref="branch_of_0_nl0_ce0">
        <Attr>different_of_0_nl0_ae5</Attr>
      </From>
      <To tableref="night_of_0_nl0_ce0T">
        <Attr>different_of_0_nl0_ae5</Attr>
      </To>
    </Correspondence>
    <Correspondence id="C8">
      <From tableref="society_of_0_nl0_ce1">
        <Attr>warn_of_0_nl1_ae1</Attr>
      </From>
      <To tableref="night_of_0_nl0_ce0T">
        <Attr>warn_of_0_nl1_ae1</Attr>
      </To>
    </Correspondence>
    <Correspondence id="C9">
      <From tableref="society_of_0_nl0_ce1">
        <Attr>tail_of_0_nl1_ae2</Attr>
      </From>
      <To tableref="night_of_0_nl0_ce0T">
        <Attr>tail_of_0_nl1_ae2</Attr>
      </To>
    </Correspondence>
    <Correspondence id="C10">
      <From tableref="society_of_0_nl0_ce1">
        <Attr>red_of_0_nl1_ae3</Attr>
      </From>
      <To tableref="night_of_0_nl0_ce0T">
        <Attr>red_of_0_nl1_ae3</Attr>
      </To>
    </Correspondence>
    <Correspondence id="C11">
      <From tableref="society_of_0_nl0_ce1">
        <Attr>wrong_of_0_nl1_ae4</Attr>
      </From>
      <To tableref="night_of_0_nl0_ce0T">
        <Attr>wrong_of_0_nl1_ae4</Attr>
      </To>
    </Correspondence>
    <Correspondence id="C12">
      <From tableref="society_of_0_nl0_ce1">
        <Attr>past_of_0_nl1_ae5</Attr>
      </From>
      <To tableref="night_of_0_nl0_ce0T">
        <Attr>past_of_0_nl1_ae5</Attr>
      </To>
    </Correspondence>
    <Correspondence id="C13">
      <From tableref="wheel_of_0_nl0_ce2">
        <Attr>work_of_0_nl2_ae1</Attr>
      </From>
      <To tableref="night_of_0_nl0_ce0T">
        <Attr>work_of_0_nl2_ae1</Attr>
      </To>
    </Correspondence>
    <Correspondence id="C14">
      <From tableref="wheel_of_0_nl0_ce2">
        <Attr>letter_of_0_nl2_ae2</Attr>
      </From>
      <To tableref="night_of_0_nl0_ce0T">
        <Attr>letter_of_0_nl2_ae2</Attr>
      </To>
    </Correspondence>
    <Correspondence id="C15">
      <From tableref="wheel_of_0_nl0_ce2">
        <Attr>blue_of_0_nl2_ae3</Attr>
      </From>
      <To tableref="night_of_0_nl0_ce0T">
        <Attr>blue_of_0_nl2_ae3</Attr>
      </To>
    </Correspondence>
    <Correspondence id="C16">
      <From tableref="wheel_of_0_nl0_ce2">
        <Attr>describe_of_0_nl2_ae4</Attr>
      </From>
      <To tableref="night_of_0_nl0_ce0T">
        <Attr>describe_of_0_nl2_ae4</Attr>
      </To>
    </Correspondence>
    <Correspondence id="C17">
      <From tableref="wheel_of_0_nl0_ce2">
        <Attr>report_of_0_nl2_ae5</Attr>
      </From>
      <To tableref="night_of_0_nl0_ce0T">
        <Attr>report_of_0_nl2_ae5</Attr>
      </To>
    </Correspondence>
  </Correspondences>
  <Mappings>
    <Mapping id="M0">
      <Uses>
        <Correspondence ref="C2"/>
        <Correspondence ref="C13"/>
        <Correspondence ref="C14"/>
        <Correspondence ref="C15"/>
        <Correspondence ref="C16"/>
        <Correspondence ref="C17"/>
      </Uses>
      <Foreach>
        <Atom tableref="wheel_of_0_nl0_ce2">
          <Var>a</Var>
          <Var>l</Var>
          <Var>m</Var>
          <Var>n</Var>
          <Var>o</Var>
          <Var>p</Var>
        </Atom>
      </Foreach>
      <Exists>
        <Atom tableref="night_of_0_nl0_ce0T">
          <Var>a</Var>
          <SKFunction skname="SK0">
            <Var>a</Var>
          </SKFunction>
          <SKFunction skname="SK1">
            <Var>a</Var>
          </SKFunction>
          <SKFunction skname="SK2">
            <Var>a</Var>
          </SKFunction>
          <SKFunction skname="SK3">
            <Var>a</Var>
          </SKFunction>
          <SKFunction skname="SK4">
            <Var>a</Var>
          </SKFunction>
          <SKFunction skname="SK5">
            <Var>a</Var>
          </SKFunction>
          <SKFunction skname="SK6">
            <Var>a</Var>
          </SKFunction>
          <SKFunction skname="SK7">
            <Var>a</Var>
          </SKFunction>
          <SKFunction skname="SK8">
            <Var>a</Var>
          </SKFunction>
          <SKFunction skname="SK9">
            <Var>a</Var>
          </SKFunction>
          <Var>l</Var>
          <Var>m</Var>
          <Var>n</Var>
          <Var>o</Var>
          <Var>p</Var>
        </Atom>
      </Exists>
    </Mapping>
    <Mapping id="M1">
      <Uses>
        <Correspondence ref="C1"/>
        <Correspondence ref="C8"/>
        <Correspondence ref="C9"/>
        <Correspondence ref="C10"/>
        <Correspondence ref="C11"/>
        <Correspondence ref="C12"/>
      </Uses>
      <Foreach>
        <Atom tableref="society_of_0_nl0_ce1">
          <Var>a</Var>
          <Var>g</Var>
          <Var>h</Var>
          <Var>i</Var>
          <Var>j</Var>
          <Var>k</Var>
        </Atom>
      </Foreach>
      <Exists>
        <Atom tableref="night_of_0_nl0_ce0T">
          <Var>a</Var>
          <SKFunction skname="SK15">
            <Var>a</Var>
          </SKFunction>
          <SKFunction skname="SK16">
            <Var>a</Var>
          </SKFunction>
          <SKFunction skname="SK17">
            <Var>a</Var>
          </SKFunction>
          <SKFunction skname="SK18">
            <Var>a</Var>
          </SKFunction>
          <SKFunction skname="SK19">
            <Var>a</Var>
          </SKFunction>
          <Var>g</Var>
          <Var>h</Var>
          <Var>i</Var>
          <Var>j</Var>
          <Var>k</Var>
          <SKFunction skname="SK25">
            <Var>a</Var>
          </SKFunction>
          <SKFunction skname="SK26">
            <Var>a</Var>
          </SKFunction>
          <SKFunction skname="SK27">
            <Var>a</Var>
          </SKFunction>
          <SKFunction skname="SK28">
            <Var>a</Var>
          </SKFunction>
          <SKFunction skname="SK29">
            <Var>a</Var>
          </SKFunction>
        </Atom>
      </Exists>
    </Mapping>
    <Mapping id="M2">
      <Uses>
        <Correspondence ref="C1"/>
        <Correspondence ref="C8"/>
        <Correspondence ref="C9"/>
        <Correspondence ref="C10"/>
        <Correspondence ref="C11"/>
        <Correspondence ref="C12"/>
        <Correspondence ref="C2"/>
        <Correspondence ref="C13"/>
        <Correspondence ref="C14"/>
        <Correspondence ref="C15"/>
        <Correspondence ref="C16"/>
        <Correspondence ref="C17"/>
      </Uses>
      <Foreach>
        <Atom tableref="society_of_0_nl0_ce1">
          <Var>a</Var>
          <Var>g</Var>
          <Var>h</Var>
          <Var>i</Var>
          <Var>j</Var>
          <Var>k</Var>
        </Atom>
        <Atom tableref="wheel_of_0_nl0_ce2">
          <Var>a</Var>
          <Var>l</Var>
          <Var>m</Var>
          <Var>n</Var>
          <Var>o</Var>
          <Var>p</Var>
        </Atom>
      </Foreach>
      <Exists>
        <Atom tableref="night_of_0_nl0_ce0T">
          <Var>a</Var>
          <SKFunction skname="SK30">
            <Var>a</Var>
          </SKFunction>
          <SKFunction skname="SK31">
            <Var>a</Var>
          </SKFunction>
          <SKFunction skname="SK32">
            <Var>a</Var>
          </SKFunction>
          <SKFunction skname="SK33">
            <Var>a</Var>
          </SKFunction>
          <SKFunction skname="SK34">
            <Var>a</Var>
          </SKFunction>
          <Var>g</Var>
          <Var>h</Var>
          <Var>i</Var>
          <Var>j</Var>
          <Var>k</Var>
          <Var>l</Var>
          <Var>m</Var>
          <Var>n</Var>
          <Var>o</Var>
          <Var>p</Var>
        </Atom>
      </Exists>
    </Mapping>
    <Mapping id="M3">
      <Uses>
        <Correspondence ref="C0"/>
        <Correspondence ref="C3"/>
        <Correspondence ref="C4"/>
        <Correspondence ref="C5"/>
        <Correspondence ref="C6"/>
        <Correspondence ref="C7"/>
      </Uses>
      <Foreach>
        <Atom tableref="branch_of_0_nl0_ce0">
          <Var>a</Var>
          <Var>b</Var>
          <Var>c</Var>
          <Var>d</Var>
          <Var>e</Var>
          <Var>f</Var>
        </Atom>
      </Foreach>
      <Exists>
        <Atom tableref="night_of_0_nl0_ce0T">
          <Var>a</Var>
          <Var>b</Var>
          <Var>c</Var>
          <Var>d</Var>
          <Var>e</Var>
          <Var>f</Var>
          <SKFunction skname="SK50">
            <Var>a</Var>
          </SKFunction>
          <SKFunction skname="SK51">
            <Var>a</Var>
          </SKFunction>
          <SKFunction skname="SK52">
            <Var>a</Var>
          </SKFunction>
          <SKFunction skname="SK53">
            <Var>a</Var>
          </SKFunction>
          <SKFunction skname="SK54">
            <Var>a</Var>
          </SKFunction>
          <SKFunction skname="SK55">
            <Var>a</Var>
          </SKFunction>
          <SKFunction skname="SK56">
            <Var>a</Var>
          </SKFunction>
          <SKFunction skname="SK57">
            <Var>a</Var>
          </SKFunction>
          <SKFunction skname="SK58">
            <Var>a</Var>
          </SKFunction>
          <SKFunction skname="SK59">
            <Var>a</Var>
          </SKFunction>
        </Atom>
      </Exists>
    </Mapping>
    <Mapping id="M4">
      <Uses>
        <Correspondence ref="C0"/>
        <Correspondence ref="C3"/>
        <Correspondence ref="C4"/>
        <Correspondence ref="C5"/>
        <Correspondence ref="C6"/>
        <Correspondence ref="C7"/>
        <Correspondence ref="C2"/>
        <Correspondence ref="C13"/>
        <Correspondence ref="C14"/>
        <Correspondence ref="C15"/>
        <Correspondence ref="C16"/>
        <Correspondence ref="C17"/>
      </Uses>
      <Foreach>
        <Atom tableref="branch_of_0_nl0_ce0">
          <Var>a</Var>
          <Var>b</Var>
          <Var>c</Var>
          <Var>d</Var>
          <Var>e</Var>
          <Var>f</Var>
        </Atom>
        <Atom tableref="wheel_of_0_nl0_ce2">
          <Var>a</Var>
          <Var>l</Var>
          <Var>m</Var>
          <Var>n</Var>
          <Var>o</Var>
          <Var>p</Var>
        </Atom>
      </Foreach>
      <Exists>
        <Atom tableref="night_of_0_nl0_ce0T">
          <Var>a</Var>
          <Var>b</Var>
          <Var>c</Var>
          <Var>d</Var>
          <Var>e</Var>
          <Var>f</Var>
          <SKFunction skname="SK65">
            <Var>a</Var>
          </SKFunction>
          <SKFunction skname="SK66">
            <Var>a</Var>
          </SKFunction>
          <SKFunction skname="SK67">
            <Var>a</Var>
          </SKFunction>
          <SKFunction skname="SK68">
            <Var>a</Var>
          </SKFunction>
          <SKFunction skname="SK69">
            <Var>a</Var>
          </SKFunction>
          <Var>l</Var>
          <Var>m</Var>
          <Var>n</Var>
          <Var>o</Var>
          <Var>p</Var>
        </Atom>
      </Exists>
    </Mapping>
    <Mapping id="M5">
      <Uses>
        <Correspondence ref="C0"/>
        <Correspondence ref="C3"/>
        <Correspondence ref="C4"/>
        <Correspondence ref="C5"/>
        <Correspondence ref="C6"/>
        <Correspondence ref="C7"/>
        <Correspondence ref="C1"/>
        <Correspondence ref="C8"/>
        <Correspondence ref="C9"/>
        <Correspondence ref="C10"/>
        <Correspondence ref="C11"/>
        <Correspondence ref="C12"/>
      </Uses>
      <Foreach>
        <Atom tableref="branch_of_0_nl0_ce0">
          <Var>a</Var>
          <Var>b</Var>
          <Var>c</Var>
          <Var>d</Var>
          <Var>e</Var>
          <Var>f</Var>
        </Atom>
        <Atom tableref="society_of_0_nl0_ce1">
          <Var>a</Var>
          <Var>g</Var>
          <Var>h</Var>
          <Var>i</Var>
          <Var>j</Var>
          <Var>k</Var>
        </Atom>
      </Foreach>
      <Exists>
        <Atom tableref="night_of_0_nl0_ce0T">
          <Var>a</Var>
          <Var>b</Var>
          <Var>c</Var>
          <Var>d</Var>
          <Var>e</Var>
          <Var>f</Var>
          <Var>g</Var>
          <Var>h</Var>
          <Var>i</Var>
          <Var>j</Var>
          <Var>k</Var>
          <SKFunction skname="SK85">
            <Var>a</Var>
          </SKFunction>
          <SKFunction skname="SK86">
            <Var>a</Var>
          </SKFunction>
          <SKFunction skname="SK87">
            <Var>a</Var>
          </SKFunction>
          <SKFunction skname="SK88">
            <Var>a</Var>
          </SKFunction>
          <SKFunction skname="SK89">
            <Var>a</Var>
          </SKFunction>
        </Atom>
      </Exists>
    </Mapping>
    <Mapping id="M6">
      <Uses>
        <Correspondence ref="C0"/>
        <Correspondence ref="C3"/>
        <Correspondence ref="C4"/>
        <Correspondence ref="C5"/>
        <Correspondence ref="C6"/>
        <Correspondence ref="C7"/>
        <Correspondence ref="C1"/>
        <Correspondence ref="C8"/>
        <Correspondence ref="C9"/>
        <Correspondence ref="C10"/>
        <Correspondence ref="C11"/>
        <Correspondence ref="C12"/>
        <Correspondence ref="C2"/>
        <Correspondence ref="C13"/>
        <Correspondence ref="C14"/>
        <Correspondence ref="C15"/>
        <Correspondence ref="C16"/>
        <Correspondence ref="C17"/>
      </Uses>
      <Foreach>
        <Atom tableref="branch_of_0_nl0_ce0">
          <Var>a</Var>
          <Var>b</Var>
          <Var>c</Var>
          <Var>d</Var>
          <Var>e</Var>
          <Var>f</Var>
        </Atom>
        <Atom tableref="society_of_0_nl0_ce1">
          <Var>a</Var>
          <Var>g</Var>
          <Var>h</Var>
          <Var>i</Var>
          <Var>j</Var>
          <Var>k</Var>
        </Atom>
        <Atom tableref="wheel_of_0_nl0_ce2">
          <Var>a</Var>
          <Var>l</Var>
          <Var>m</Var>
          <Var>n</Var>
          <Var>o</Var>
          <Var>p</Var>
        </Atom>
      </Foreach>
      <Exists>
        <Atom tableref="night_of_0_nl0_ce0T">
          <Var>a</Var>
          <Var>b</Var>
          <Var>c</Var>
          <Var>d</Var>
          <Var>e</Var>
          <Var>f</Var>
          <Var>g</Var>
          <Var>h</Var>
          <Var>i</Var>
          <Var>j</Var>
          <Var>k</Var>
          <Var>l</Var>
          <Var>m</Var>
          <Var>n</Var>
          <Var>o</Var>
          <Var>p</Var>
        </Atom>
      </Exists>
    </Mapping>
  </Mappings>
</xm:MappingScenario>