<xm:MappingScenario xmlns:xm="org/vagabond/xmlmodel">
  <Schemas>
    <SourceSchema>
      <Relation name="play_ma_0_nl0_ce0">
        <Attr>
          <Name>stamp_ma_0_nl0_ae0</Name>
          <DataType>TEXT</DataType>
        </Attr>
        <Attr>
          <Name>appear_ma_0_nl0_ae1</Name>
          <DataType>TEXT</DataType>
        </Attr>
        <Attr>
          <Name>store_ma_0_nl0_ae2</Name>
          <DataType>TEXT</DataType>
        </Attr>
        <Attr>
          <Name>jewel_ma_0_nl0_ae3</Name>
          <DataType>TEXT</DataType>
        </Attr>
        <Attr>
          <Name>key_ma_0_nl0_ae4</Name>
          <DataType>TEXT</DataType>
        </Attr>
        <Attr>
          <Name>first_ma_0_nl0_ae0comp0_joinattr_0</Name>
          <DataType>TEXT</DataType>
        </Attr>
        <PrimaryKey>
          <Attr>first_ma_0_nl0_ae0comp0_joinattr_0</Attr>
        </PrimaryKey>
      </Relation>
      <Relation name="cry_ma_0_nl0_ce1">
        <Attr>
          <Name>check_ma_0_nl1_ae0</Name>
          <DataType>TEXT</DataType>
        </Attr>
        <Attr>
          <Name>poor_ma_0_nl1_ae1</Name>
          <DataType>TEXT</DataType>
        </Attr>
        <Attr>
          <Name>long_ma_0_nl1_ae2</Name>
          <DataType>TEXT</DataType>
        </Attr>
        <Attr>
          <Name>bright_ma_0_nl1_ae3</Name>
          <DataType>TEXT</DataType>
        </Attr>
        <Attr>
          <Name>first_ma_0_nl0_ae0comp1_joinattr_0</Name>
          <DataType>TEXT</DataType>
        </Attr>
        <Attr>
          <Name>first_ma_0_nl0_ae0comp1_joinref_0</Name>
          <DataType>TEXT</DataType>
        </Attr>
        <PrimaryKey>
          <Attr>first_ma_0_nl0_ae0comp1_joinattr_0</Attr>
        </PrimaryKey>
      </Relation>
      <Relation name="request_ma_0_nl0_ce2">
        <Attr>
          <Name>rhythm_ma_0_nl2_ae0</Name>
          <DataType>TEXT</DataType>
        </Attr>
        <Attr>
          <Name>shade_ma_0_nl2_ae1</Name>
          <DataType>TEXT</DataType>
        </Attr>
        <Attr>
          <Name>point_ma_0_nl2_ae2</Name>
          <DataType>TEXT</DataType>
        </Attr>
        <Attr>
          <Name>learn_ma_0_nl2_ae3</Name>
          <DataType>TEXT</DataType>
        </Attr>
        <Attr>
          <Name>acid_ma_0_nl2_ae4</Name>
          <DataType>TEXT</DataType>
        </Attr>
        <Attr>
          <Name>first_ma_0_nl0_ae0comp2_joinref_0</Name>
          <DataType>TEXT</DataType>
        </Attr>
      </Relation>
      <ForeignKey>
        <From tableref="cry_ma_0_nl0_ce1">
          <Attr>first_ma_0_nl0_ae0comp1_joinref_0</Attr>
        </From>
        <To tableref="play_ma_0_nl0_ce0">
          <Attr>first_ma_0_nl0_ae0comp0_joinattr_0</Attr>
        </To>
      </ForeignKey>
      <ForeignKey>
        <From tableref="request_ma_0_nl0_ce2">
          <Attr>first_ma_0_nl0_ae0comp2_joinref_0</Attr>
        </From>
        <To tableref="cry_ma_0_nl0_ce1">
          <Attr>first_ma_0_nl0_ae0comp1_joinattr_0</Attr>
        </To>
      </ForeignKey>
    </SourceSchema>
    <TargetSchema>
      <Relation name="provide_ma_0_nl0_ce0">
        <Attr>
          <Name>stamp_ma_0_nl0_ae0</Name>
          <DataType>TEXT</DataType>
        </Attr>
        <Attr>
          <Name>appear_ma_0_nl0_ae1</Name>
          <DataType>TEXT</DataType>
        </Attr>
        <Attr>
          <Name>store_ma_0_nl0_ae2</Name>
          <DataType>TEXT</DataType>
        </Attr>
        <Attr>
          <Name>jewel_ma_0_nl0_ae3</Name>
          <DataType>TEXT</DataType>
        </Attr>
        <Attr>
          <Name>key_ma_0_nl0_ae4</Name>
          <DataType>TEXT</DataType>
        </Attr>
        <Attr>
          <Name>check_ma_0_nl1_ae0</Name>
          <DataType>TEXT</DataType>
        </Attr>
        <Attr>
          <Name>poor_ma_0_nl1_ae1</Name>
          <DataType>TEXT</DataType>
        </Attr>
        <Attr>
          <Name>long_ma_0_nl1_ae2</Name>
          <DataType>TEXT</DataType>
        </Attr>
        <Attr>
          <Name>bright_ma_0_nl1_ae3</Name>
          <DataType>TEXT</DataType>
        </Attr>
        <Attr>
          <Name>rhythm_ma_0_nl2_ae0</Name>
          <DataType>TEXT</DataType>
        </Attr>
        <Attr>
          <Name>shade_ma_0_nl2_ae1</Name>
          <DataType>TEXT</DataType>
        </Attr>
        <Attr>
          <Name>point_ma_0_nl2_ae2</Name>
          <DataType>TEXT</DataType>
        </Attr>
        <Attr>
          <Name>learn_ma_0_nl2_ae3</Name>
          <DataType>TEXT</DataType>
        </Attr>
        <Attr>
          <Name>acid_ma_0_nl2_ae4</Name>
          <DataType>TEXT</DataType>
        </Attr>
        <Attr>
          <Name>first_ma_0_nl0_ae0comp0_joinattr_0</Name>
          <DataType>TEXT</DataType>
        </Attr>
        <Attr>
          <Name>first_ma_0_nl0_ae0comp1_joinattr_0</Name>
          <DataType>TEXT</DataType>
        </Attr>
        <Attr>
          <Name>secret_ma_0_nl0_ae15</Name>
          <DataType>TEXT</DataType>
        </Attr>
        <Attr>
          <Name>poor_ma_0_nl0_ae16</Name>
          <DataType>TEXT</DataType>
        </Attr>
        <Attr>
          <Name>see_ma_0_nl0_ae17</Name>
          <DataType>TEXT</DataType>
        </Attr>
        <PrimaryKey>
          <Attr>first_ma_0_nl0_ae0comp0_joinattr_0</Attr>
          <Attr>first_ma_0_nl0_ae0comp1_joinattr_0</Attr>
        </PrimaryKey>
      </Relation>
    </TargetSchema>
  </Schemas>
  <Correspondences>
    <Correspondence id="C0">
      <From tableref="play_ma_0_nl0_ce0">
        <Attr>stamp_ma_0_nl0_ae0</Attr>
      </From>
      <To tableref="provide_ma_0_nl0_ce0">
        <Attr>stamp_ma_0_nl0_ae0</Attr>
      </To>
    </Correspondence>
    <Correspondence id="C1">
      <From tableref="play_ma_0_nl0_ce0">
        <Attr>appear_ma_0_nl0_ae1</Attr>
      </From>
      <To tableref="provide_ma_0_nl0_ce0">
        <Attr>appear_ma_0_nl0_ae1</Attr>
      </To>
    </Correspondence>
    <Correspondence id="C2">
      <From tableref="play_ma_0_nl0_ce0">
        <Attr>store_ma_0_nl0_ae2</Attr>
      </From>
      <To tableref="provide_ma_0_nl0_ce0">
        <Attr>store_ma_0_nl0_ae2</Attr>
      </To>
    </Correspondence>
    <Correspondence id="C3">
      <From tableref="play_ma_0_nl0_ce0">
        <Attr>jewel_ma_0_nl0_ae3</Attr>
      </From>
      <To tableref="provide_ma_0_nl0_ce0">
        <Attr>jewel_ma_0_nl0_ae3</Attr>
      </To>
    </Correspondence>
    <Correspondence id="C4">
      <From tableref="play_ma_0_nl0_ce0">
        <Attr>key_ma_0_nl0_ae4</Attr>
      </From>
      <To tableref="provide_ma_0_nl0_ce0">
        <Attr>key_ma_0_nl0_ae4</Attr>
      </To>
    </Correspondence>
    <Correspondence id="C5">
      <From tableref="cry_ma_0_nl0_ce1">
        <Attr>check_ma_0_nl1_ae0</Attr>
      </From>
      <To tableref="provide_ma_0_nl0_ce0">
        <Attr>check_ma_0_nl1_ae0</Attr>
      </To>
    </Correspondence>
    <Correspondence id="C6">
      <From tableref="cry_ma_0_nl0_ce1">
        <Attr>poor_ma_0_nl1_ae1</Attr>
      </From>
      <To tableref="provide_ma_0_nl0_ce0">
        <Attr>poor_ma_0_nl1_ae1</Attr>
      </To>
    </Correspondence>
    <Correspondence id="C7">
      <From tableref="cry_ma_0_nl0_ce1">
        <Attr>long_ma_0_nl1_ae2</Attr>
      </From>
      <To tableref="provide_ma_0_nl0_ce0">
        <Attr>long_ma_0_nl1_ae2</Attr>
      </To>
    </Correspondence>
    <Correspondence id="C8">
      <From tableref="cry_ma_0_nl0_ce1">
        <Attr>bright_ma_0_nl1_ae3</Attr>
      </From>
      <To tableref="provide_ma_0_nl0_ce0">
        <Attr>bright_ma_0_nl1_ae3</Attr>
      </To>
    </Correspondence>
    <Correspondence id="C9">
      <From tableref="request_ma_0_nl0_ce2">
        <Attr>rhythm_ma_0_nl2_ae0</Attr>
      </From>
      <To tableref="provide_ma_0_nl0_ce0">
        <Attr>rhythm_ma_0_nl2_ae0</Attr>
      </To>
    </Correspondence>
    <Correspondence id="C10">
      <From tableref="request_ma_0_nl0_ce2">
        <Attr>shade_ma_0_nl2_ae1</Attr>
      </From>
      <To tableref="provide_ma_0_nl0_ce0">
        <Attr>shade_ma_0_nl2_ae1</Attr>
      </To>
    </Correspondence>
    <Correspondence id="C11">
      <From tableref="request_ma_0_nl0_ce2">
        <Attr>point_ma_0_nl2_ae2</Attr>
      </From>
      <To tableref="provide_ma_0_nl0_ce0">
        <Attr>point_ma_0_nl2_ae2</Attr>
      </To>
    </Correspondence>
    <Correspondence id="C12">
      <From tableref="request_ma_0_nl0_ce2">
        <Attr>learn_ma_0_nl2_ae3</Attr>
      </From>
      <To tableref="provide_ma_0_nl0_ce0">
        <Attr>learn_ma_0_nl2_ae3</Attr>
      </To>
    </Correspondence>
    <Correspondence id="C13">
      <From tableref="request_ma_0_nl0_ce2">
        <Attr>acid_ma_0_nl2_ae4</Attr>
      </From>
      <To tableref="provide_ma_0_nl0_ce0">
        <Attr>acid_ma_0_nl2_ae4</Attr>
      </To>
    </Correspondence>
    <Correspondence id="C14">
      <From tableref="play_ma_0_nl0_ce0">
        <Attr>first_ma_0_nl0_ae0comp0_joinattr_0</Attr>
      </From>
      <To tableref="provide_ma_0_nl0_ce0">
        <Attr>first_ma_0_nl0_ae0comp0_joinattr_0</Attr>
      </To>
    </Correspondence>
    <Correspondence id="C15">
      <From tableref="cry_ma_0_nl0_ce1">
        <Attr>first_ma_0_nl0_ae0comp1_joinattr_0</Attr>
      </From>
      <To tableref="provide_ma_0_nl0_ce0">
        <Attr>first_ma_0_nl0_ae0comp1_joinattr_0</Attr>
      </To>
    </Correspondence>
  </Correspondences>
  <Mappings>
    <Mapping id="M0">
      <Uses>
        <Correspondence ref="C0"/>
        <Correspondence ref="C1"/>
        <Correspondence ref="C2"/>
        <Correspondence ref="C3"/>
        <Correspondence ref="C4"/>
        <Correspondence ref="C5"/>
        <Correspondence ref="C6"/>
        <Correspondence ref="C7"/>
        <Correspondence ref="C8"/>
        <Correspondence ref="C9"/>
        <Correspondence ref="C10"/>
        <Correspondence ref="C11"/>
        <Correspondence ref="C12"/>
        <Correspondence ref="C13"/>
        <Correspondence ref="C14"/>
        <Correspondence ref="C15"/>
      </Uses>
      <Foreach>
        <Atom tableref="play_ma_0_nl0_ce0">
          <Var>a</Var>
          <Var>b</Var>
          <Var>c</Var>
          <Var>d</Var>
          <Var>e</Var>
          <Var>f</Var>
        </Atom>
        <Atom tableref="cry_ma_0_nl0_ce1">
          <Var>g</Var>
          <Var>h</Var>
          <Var>i</Var>
          <Var>j</Var>
          <Var>k</Var>
          <Var>f</Var>
        </Atom>
        <Atom tableref="request_ma_0_nl0_ce2">
          <Var>l</Var>
          <Var>m</Var>
          <Var>n</Var>
          <Var>o</Var>
          <Var>p</Var>
          <Var>k</Var>
        </Atom>
      </Foreach>
      <Exists>
        <Atom tableref="provide_ma_0_nl0_ce0">
          <Var>a</Var>
          <Var>b</Var>
          <Var>c</Var>
          <Var>d</Var>
          <Var>e</Var>
          <Var>g</Var>
          <Var>h</Var>
          <Var>i</Var>
          <Var>j</Var>
          <Var>l</Var>
          <Var>m</Var>
          <Var>n</Var>
          <Var>o</Var>
          <Var>p</Var>
          <Var>f</Var>
          <Var>k</Var>
          <SKFunction skname="SK0">
            <Var>a</Var>
            <Var>b</Var>
            <Var>c</Var>
            <Var>d</Var>
            <Var>e</Var>
            <Var>g</Var>
            <Var>h</Var>
            <Var>i</Var>
            <Var>j</Var>
            <Var>l</Var>
            <Var>m</Var>
            <Var>n</Var>
            <Var>o</Var>
            <Var>p</Var>
            <Var>f</Var>
            <Var>k</Var>
          </SKFunction>
          <SKFunction skname="SK1">
            <Var>a</Var>
            <Var>b</Var>
            <Var>c</Var>
            <Var>d</Var>
            <Var>e</Var>
            <Var>g</Var>
            <Var>h</Var>
            <Var>i</Var>
            <Var>j</Var>
            <Var>l</Var>
            <Var>m</Var>
            <Var>n</Var>
            <Var>o</Var>
            <Var>p</Var>
            <Var>f</Var>
            <Var>k</Var>
          </SKFunction>
          <SKFunction skname="SK2">
            <Var>a</Var>
            <Var>b</Var>
            <Var>c</Var>
            <Var>d</Var>
            <Var>e</Var>
            <Var>g</Var>
            <Var>h</Var>
            <Var>i</Var>
            <Var>j</Var>
            <Var>l</Var>
            <Var>m</Var>
            <Var>n</Var>
            <Var>o</Var>
            <Var>p</Var>
            <Var>f</Var>
            <Var>k</Var>
          </SKFunction>
        </Atom>
      </Exists>
    </Mapping>
  </Mappings>
</xm:MappingScenario>