<xm:MappingScenario xmlns:xm="org/vagabond/xmlmodel">
  <Schemas>
    <SourceSchema/>
    <TargetSchema>
      <Relation name="male_vg_0_nl0_ce0">
        <Attr>
          <Name>general_vg_0_nl0_ae0</Name>
          <DataType>TEXT</DataType>
        </Attr>
        <Attr>
          <Name>death_vg_0_nl0_ae1</Name>
          <DataType>TEXT</DataType>
        </Attr>
        <Attr>
          <Name>wet_vg_0_nl0_ae2</Name>
          <DataType>TEXT</DataType>
        </Attr>
        <Attr>
          <Name>back_vg_0_nl0_ae3</Name>
          <DataType>TEXT</DataType>
        </Attr>
        <Attr>
          <Name>chin_vg_0_nl0_ae4</Name>
          <DataType>TEXT</DataType>
        </Attr>
        <Attr>
          <Name>hurt_vg_0_nl0_ae5</Name>
          <DataType>TEXT</DataType>
        </Attr>
      </Relation>
    </TargetSchema>
  </Schemas>
  <Correspondences/>
  <Mappings>
    <Mapping id="M0">
      <Exists>
        <Atom tableref="male_vg_0_nl0_ce0">
          <Var>a</Var>
          <Var>b</Var>
          <Var>c</Var>
          <Var>d</Var>
          <Var>e</Var>
          <Var>f</Var>
        </Atom>
      </Exists>
    </Mapping>
  </Mappings>
</xm:MappingScenario>