<xm:MappingScenario xmlns:xm="org/vagabond/xmlmodel">
  <Schemas>
    <SourceSchema>
      <Relation name="act_vi_0_nl0_ce0">
        <Attr>
          <Name>turn_vi_0_nl0_ae0ke0</Name>
          <DataType>TEXT</DataType>
        </Attr>
        <Attr>
          <Name>salt_vi_0_nl0_ae1</Name>
          <DataType>TEXT</DataType>
        </Attr>
        <Attr>
          <Name>argue_vi_0_nl0_ae2</Name>
          <DataType>TEXT</DataType>
        </Attr>
        <Attr>
          <Name>late_vi_0_nl0_ae3</Name>
          <DataType>TEXT</DataType>
        </Attr>
        <Attr>
          <Name>summer_vi_0_nl0_ae4</Name>
          <DataType>TEXT</DataType>
        </Attr>
        <Attr>
          <Name>will_vi_0_nl0_ae5</Name>
          <DataType>TEXT</DataType>
        </Attr>
        <PrimaryKey>
          <Attr>turn_vi_0_nl0_ae0ke0</Attr>
        </PrimaryKey>
      </Relation>
    </SourceSchema>
    <TargetSchema>
      <Relation name="shut_vi_0_nl0_ce0">
        <Attr>
          <Name>turn_vi_0_nl0_ae0ke0JoinAttr</Name>
          <DataType>TEXT</DataType>
        </Attr>
        <Attr>
          <Name>salt_vi_0_nl0_ae1</Name>
          <DataType>TEXT</DataType>
        </Attr>
        <PrimaryKey>
          <Attr>turn_vi_0_nl0_ae0ke0JoinAttr</Attr>
        </PrimaryKey>
      </Relation>
      <Relation name="buy_vi_0_nl0_ce1">
        <Attr>
          <Name>turn_vi_0_nl0_ae0ke0Ref</Name>
          <DataType>TEXT</DataType>
        </Attr>
        <Attr>
          <Name>argue_vi_0_nl0_ae2</Name>
          <DataType>TEXT</DataType>
        </Attr>
      </Relation>
      <Relation name="chain_vi_0_nl0_ce2">
        <Attr>
          <Name>turn_vi_0_nl0_ae0ke0Ref</Name>
          <DataType>TEXT</DataType>
        </Attr>
        <Attr>
          <Name>late_vi_0_nl0_ae3</Name>
          <DataType>TEXT</DataType>
        </Attr>
        <Attr>
          <Name>summer_vi_0_nl0_ae4</Name>
          <DataType>TEXT</DataType>
        </Attr>
        <Attr>
          <Name>will_vi_0_nl0_ae5</Name>
          <DataType>TEXT</DataType>
        </Attr>
      </Relation>
      <ForeignKey>
        <From tableref="buy_vi_0_nl0_ce1">
          <Attr>turn_vi_0_nl0_ae0ke0Ref</Attr>
        </From>
        <To tableref="shut_vi_0_nl0_ce0">
          <Attr>turn_vi_0_nl0_ae0ke0JoinAttr</Attr>
        </To>
      </ForeignKey>
      <ForeignKey>
        <From tableref="chain_vi_0_nl0_ce2">
          <Attr>turn_vi_0_nl0_ae0ke0Ref</Attr>
        </From>
        <To tableref="shut_vi_0_nl0_ce0">
          <Attr>turn_vi_0_nl0_ae0ke0JoinAttr</Attr>
        </To>
      </ForeignKey>
    </TargetSchema>
  </Schemas>
  <Correspondences>
    <Correspondence id="C0">
      <From tableref="act_vi_0_nl0_ce0">
        <Attr>turn_vi_0_nl0_ae0ke0</Attr>
      </From>
      <To tableref="shut_vi_0_nl0_ce0">
        <Attr>turn_vi_0_nl0_ae0ke0JoinAttr</Attr>
      </To>
    </Correspondence>
    <Correspondence id="C1">
      <From tableref="act_vi_0_nl0_ce0">
        <Attr>salt_vi_0_nl0_ae1</Attr>
      </From>
      <To tableref="buy_vi_0_nl0_ce1">
        <Attr>turn_vi_0_nl0_ae0ke0Ref</Attr>
      </To>
    </Correspondence>
    <Correspondence id="C2">
      <From tableref="act_vi_0_nl0_ce0">
        <Attr>argue_vi_0_nl0_ae2</Attr>
      </From>
      <To tableref="chain_vi_0_nl0_ce2">
        <Attr>turn_vi_0_nl0_ae0ke0Ref</Attr>
      </To>
    </Correspondence>
    <Correspondence id="C3">
      <From tableref="act_vi_0_nl0_ce0">
        <Attr>late_vi_0_nl0_ae3</Attr>
      </From>
      <To tableref="chain_vi_0_nl0_ce2">
        <Attr>late_vi_0_nl0_ae3</Attr>
      </To>
    </Correspondence>
    <Correspondence id="C4">
      <From tableref="act_vi_0_nl0_ce0">
        <Attr>summer_vi_0_nl0_ae4</Attr>
      </From>
      <To tableref="chain_vi_0_nl0_ce2">
        <Attr>summer_vi_0_nl0_ae4</Attr>
      </To>
    </Correspondence>
  </Correspondences>
  <Mappings>
    <Mapping id="M0">
      <Uses>
        <Correspondence ref="C0"/>
        <Correspondence ref="C1"/>
        <Correspondence ref="C2"/>
        <Correspondence ref="C3"/>
        <Correspondence ref="C4"/>
      </Uses>
      <Foreach>
        <Atom tableref="act_vi_0_nl0_ce0">
          <Var>a</Var>
          <Var>b</Var>
          <Var>c</Var>
          <Var>d</Var>
          <Var>e</Var>
          <Var>f</Var>
        </Atom>
      </Foreach>
      <Exists>
        <Atom tableref="shut_vi_0_nl0_ce0">
          <Var>a</Var>
          <Var>b</Var>
        </Atom>
        <Atom tableref="buy_vi_0_nl0_ce1">
          <Var>a</Var>
          <Var>c</Var>
        </Atom>
        <Atom tableref="chain_vi_0_nl0_ce2">
          <Var>a</Var>
          <Var>d</Var>
          <Var>e</Var>
          <Var>f</Var>
        </Atom>
      </Exists>
    </Mapping>
  </Mappings>
</xm:MappingScenario>