<xm:MappingScenario xmlns:xm="org/vagabond/xmlmodel">
  <Schemas>
    <SourceSchema>
      <Relation name="have_vnm_0_nl0_ce0">
        <Attr>
          <Name>amount_vnm_0_nl0_ae0ke0</Name>
          <DataType>TEXT</DataType>
        </Attr>
        <Attr>
          <Name>delicate_vnm_0_nl0_ae1</Name>
          <DataType>TEXT</DataType>
        </Attr>
        <Attr>
          <Name>feed_vnm_0_nl0_ae2</Name>
          <DataType>TEXT</DataType>
        </Attr>
        <Attr>
          <Name>price_vnm_0_nl0_ae3</Name>
          <DataType>TEXT</DataType>
        </Attr>
        <Attr>
          <Name>present_vnm_0_nl0_ae4</Name>
          <DataType>TEXT</DataType>
        </Attr>
        <Attr>
          <Name>sister_vnm_0_nl0_ae5</Name>
          <DataType>TEXT</DataType>
        </Attr>
        <PrimaryKey>
          <Attr>amount_vnm_0_nl0_ae0ke0</Attr>
        </PrimaryKey>
      </Relation>
    </SourceSchema>
    <TargetSchema>
      <Relation name="toe_vnm_0_nl0_ce0">
        <Attr>
          <Name>amount_vnm_0_nl0_ae0ke0</Name>
          <DataType>TEXT</DataType>
        </Attr>
        <Attr>
          <Name>delicate_vnm_0_nl0_ae1</Name>
          <DataType>TEXT</DataType>
        </Attr>
        <Attr>
          <Name>feed_vnm_0_nl0_ae2</Name>
          <DataType>TEXT</DataType>
        </Attr>
        <Attr>
          <Name>butter_vnm_0_nl0_ae0</Name>
          <DataType>TEXT</DataType>
        </Attr>
        <PrimaryKey>
          <Attr>butter_vnm_0_nl0_ae0</Attr>
        </PrimaryKey>
      </Relation>
      <Relation name="hate_vnm_0_nl0_ce1">
        <Attr>
          <Name>price_vnm_0_nl0_ae3</Name>
          <DataType>TEXT</DataType>
        </Attr>
        <Attr>
          <Name>present_vnm_0_nl0_ae4</Name>
          <DataType>TEXT</DataType>
        </Attr>
        <Attr>
          <Name>sister_vnm_0_nl0_ae5</Name>
          <DataType>TEXT</DataType>
        </Attr>
        <Attr>
          <Name>thank_vnm_0_nl1_ae0</Name>
          <DataType>TEXT</DataType>
        </Attr>
        <PrimaryKey>
          <Attr>thank_vnm_0_nl1_ae0</Attr>
        </PrimaryKey>
      </Relation>
      <Relation name="handle_vnm_0_nl0_ce2">
        <Attr>
          <Name>butter_vnm_0_nl0_ae0Ref</Name>
          <DataType>TEXT</DataType>
        </Attr>
        <Attr>
          <Name>thank_vnm_0_nl1_ae0Ref</Name>
          <DataType>TEXT</DataType>
        </Attr>
      </Relation>
      <ForeignKey>
        <From tableref="handle_vnm_0_nl0_ce2">
          <Attr>butter_vnm_0_nl0_ae0Ref</Attr>
        </From>
        <To tableref="toe_vnm_0_nl0_ce0">
          <Attr>butter_vnm_0_nl0_ae0</Attr>
        </To>
      </ForeignKey>
      <ForeignKey>
        <From tableref="handle_vnm_0_nl0_ce2">
          <Attr>thank_vnm_0_nl1_ae0Ref</Attr>
        </From>
        <To tableref="hate_vnm_0_nl0_ce1">
          <Attr>thank_vnm_0_nl1_ae0</Attr>
        </To>
      </ForeignKey>
    </TargetSchema>
  </Schemas>
  <Correspondences>
    <Correspondence id="C0">
      <From tableref="have_vnm_0_nl0_ce0">
        <Attr>amount_vnm_0_nl0_ae0ke0</Attr>
      </From>
      <To tableref="toe_vnm_0_nl0_ce0">
        <Attr>amount_vnm_0_nl0_ae0ke0</Attr>
      </To>
    </Correspondence>
    <Correspondence id="C1">
      <From tableref="have_vnm_0_nl0_ce0">
        <Attr>delicate_vnm_0_nl0_ae1</Attr>
      </From>
      <To tableref="toe_vnm_0_nl0_ce0">
        <Attr>delicate_vnm_0_nl0_ae1</Attr>
      </To>
    </Correspondence>
    <Correspondence id="C2">
      <From tableref="have_vnm_0_nl0_ce0">
        <Attr>feed_vnm_0_nl0_ae2</Attr>
      </From>
      <To tableref="toe_vnm_0_nl0_ce0">
        <Attr>feed_vnm_0_nl0_ae2</Attr>
      </To>
    </Correspondence>
    <Correspondence id="C3">
      <From tableref="have_vnm_0_nl0_ce0">
        <Attr>price_vnm_0_nl0_ae3</Attr>
      </From>
      <To tableref="hate_vnm_0_nl0_ce1">
        <Attr>price_vnm_0_nl0_ae3</Attr>
      </To>
    </Correspondence>
    <Correspondence id="C4">
      <From tableref="have_vnm_0_nl0_ce0">
        <Attr>present_vnm_0_nl0_ae4</Attr>
      </From>
      <To tableref="hate_vnm_0_nl0_ce1">
        <Attr>present_vnm_0_nl0_ae4</Attr>
      </To>
    </Correspondence>
    <Correspondence id="C5">
      <From tableref="have_vnm_0_nl0_ce0">
        <Attr>sister_vnm_0_nl0_ae5</Attr>
      </From>
      <To tableref="hate_vnm_0_nl0_ce1">
        <Attr>sister_vnm_0_nl0_ae5</Attr>
      </To>
    </Correspondence>
  </Correspondences>
  <Mappings>
    <Mapping id="M0">
      <Uses>
        <Correspondence ref="C0"/>
        <Correspondence ref="C1"/>
        <Correspondence ref="C2"/>
        <Correspondence ref="C3"/>
        <Correspondence ref="C4"/>
        <Correspondence ref="C5"/>
      </Uses>
      <Foreach>
        <Atom tableref="have_vnm_0_nl0_ce0">
          <Var>a</Var>
          <Var>b</Var>
          <Var>c</Var>
          <Var>d</Var>
          <Var>e</Var>
          <Var>f</Var>
        </Atom>
      </Foreach>
      <Exists>
        <Atom tableref="toe_vnm_0_nl0_ce0">
          <Var>a</Var>
          <Var>b</Var>
          <Var>c</Var>
          <SKFunction skname="SK0">
            <Var>a</Var>
            <Var>b</Var>
            <Var>c</Var>
          </SKFunction>
        </Atom>
        <Atom tableref="hate_vnm_0_nl0_ce1">
          <Var>d</Var>
          <Var>e</Var>
          <Var>f</Var>
          <SKFunction skname="SK1">
            <Var>d</Var>
            <Var>e</Var>
            <Var>f</Var>
          </SKFunction>
        </Atom>
        <Atom tableref="handle_vnm_0_nl0_ce2">
          <SKFunction skname="SK0">
            <Var>a</Var>
            <Var>b</Var>
            <Var>c</Var>
          </SKFunction>
          <SKFunction skname="SK1">
            <Var>d</Var>
            <Var>e</Var>
            <Var>f</Var>
          </SKFunction>
        </Atom>
      </Exists>
    </Mapping>
  </Mappings>
</xm:MappingScenario>