<xm:MappingScenario xmlns:xm="org/vagabond/xmlmodel">
  <Schemas>
    <SourceSchema>
      <Relation name="appear_vh_0_nl0_ce0">
        <Attr>
          <Name>idea_vh_0_nl0_ae0</Name>
          <DataType>TEXT</DataType>
        </Attr>
        <Attr>
          <Name>tail_vh_0_nl0_ae1</Name>
          <DataType>TEXT</DataType>
        </Attr>
        <Attr>
          <Name>clock_vh_0_nl0_ae2</Name>
          <DataType>TEXT</DataType>
        </Attr>
        <Attr>
          <Name>express_vh_0_nl0_ae3</Name>
          <DataType>TEXT</DataType>
        </Attr>
        <Attr>
          <Name>wall_vh_0_nl0_ae4</Name>
          <DataType>TEXT</DataType>
        </Attr>
        <Attr>
          <Name>private_vh_0_nl0_ae5</Name>
          <DataType>TEXT</DataType>
        </Attr>
      </Relation>
    </SourceSchema>
    <TargetSchema>
      <Relation name="inform_vh_0_nl0_ce0">
        <Attr>
          <Name>idea_vh_0_nl0_ae0</Name>
          <DataType>TEXT</DataType>
        </Attr>
        <Attr>
          <Name>tail_vh_0_nl0_ae1</Name>
          <DataType>TEXT</DataType>
        </Attr>
        <Attr>
          <Name>common_vh_0_nl0_ae0JoinAttr</Name>
          <DataType>TEXT</DataType>
        </Attr>
        <PrimaryKey>
          <Attr>common_vh_0_nl0_ae0JoinAttr</Attr>
        </PrimaryKey>
      </Relation>
      <Relation name="hollow_vh_0_nl0_ce1">
        <Attr>
          <Name>clock_vh_0_nl0_ae2</Name>
          <DataType>TEXT</DataType>
        </Attr>
        <Attr>
          <Name>express_vh_0_nl0_ae3</Name>
          <DataType>TEXT</DataType>
        </Attr>
        <Attr>
          <Name>common_vh_0_nl0_ae0JoinAttr</Name>
          <DataType>TEXT</DataType>
        </Attr>
        <Attr>
          <Name>common_vh_0_nl0_ae0JoinAttrRef</Name>
          <DataType>TEXT</DataType>
        </Attr>
        <PrimaryKey>
          <Attr>common_vh_0_nl0_ae0JoinAttr</Attr>
        </PrimaryKey>
      </Relation>
      <Relation name="space_vh_0_nl0_ce2">
        <Attr>
          <Name>wall_vh_0_nl0_ae4</Name>
          <DataType>TEXT</DataType>
        </Attr>
        <Attr>
          <Name>private_vh_0_nl0_ae5</Name>
          <DataType>TEXT</DataType>
        </Attr>
        <Attr>
          <Name>common_vh_0_nl0_ae0JoinAttr</Name>
          <DataType>TEXT</DataType>
        </Attr>
        <Attr>
          <Name>common_vh_0_nl0_ae0JoinAttrRef</Name>
          <DataType>TEXT</DataType>
        </Attr>
        <PrimaryKey>
          <Attr>common_vh_0_nl0_ae0JoinAttr</Attr>
        </PrimaryKey>
      </Relation>
      <ForeignKey>
        <From tableref="hollow_vh_0_nl0_ce1">
          <Attr>common_vh_0_nl0_ae0JoinAttrRef</Attr>
        </From>
        <To tableref="inform_vh_0_nl0_ce0">
          <Attr>common_vh_0_nl0_ae0JoinAttr</Attr>
        </To>
      </ForeignKey>
      <ForeignKey>
        <From tableref="space_vh_0_nl0_ce2">
          <Attr>common_vh_0_nl0_ae0JoinAttrRef</Attr>
        </From>
        <To tableref="inform_vh_0_nl0_ce0">
          <Attr>common_vh_0_nl0_ae0JoinAttr</Attr>
        </To>
      </ForeignKey>
    </TargetSchema>
  </Schemas>
  <Correspondences>
    <Correspondence id="C0">
      <From tableref="appear_vh_0_nl0_ce0">
        <Attr>idea_vh_0_nl0_ae0</Attr>
      </From>
      <To tableref="inform_vh_0_nl0_ce0">
        <Attr>idea_vh_0_nl0_ae0</Attr>
      </To>
    </Correspondence>
    <Correspondence id="C1">
      <From tableref="appear_vh_0_nl0_ce0">
        <Attr>tail_vh_0_nl0_ae1</Attr>
      </From>
      <To tableref="inform_vh_0_nl0_ce0">
        <Attr>tail_vh_0_nl0_ae1</Attr>
      </To>
    </Correspondence>
    <Correspondence id="C2">
      <From tableref="appear_vh_0_nl0_ce0">
        <Attr>clock_vh_0_nl0_ae2</Attr>
      </From>
      <To tableref="hollow_vh_0_nl0_ce1">
        <Attr>clock_vh_0_nl0_ae2</Attr>
      </To>
    </Correspondence>
    <Correspondence id="C3">
      <From tableref="appear_vh_0_nl0_ce0">
        <Attr>express_vh_0_nl0_ae3</Attr>
      </From>
      <To tableref="hollow_vh_0_nl0_ce1">
        <Attr>express_vh_0_nl0_ae3</Attr>
      </To>
    </Correspondence>
    <Correspondence id="C4">
      <From tableref="appear_vh_0_nl0_ce0">
        <Attr>wall_vh_0_nl0_ae4</Attr>
      </From>
      <To tableref="space_vh_0_nl0_ce2">
        <Attr>wall_vh_0_nl0_ae4</Attr>
      </To>
    </Correspondence>
    <Correspondence id="C5">
      <From tableref="appear_vh_0_nl0_ce0">
        <Attr>private_vh_0_nl0_ae5</Attr>
      </From>
      <To tableref="space_vh_0_nl0_ce2">
        <Attr>private_vh_0_nl0_ae5</Attr>
      </To>
    </Correspondence>
  </Correspondences>
  <Mappings>
    <Mapping id="M0">
      <Uses>
        <Correspondence ref="C0"/>
        <Correspondence ref="C1"/>
        <Correspondence ref="C2"/>
        <Correspondence ref="C3"/>
        <Correspondence ref="C4"/>
        <Correspondence ref="C5"/>
      </Uses>
      <Foreach>
        <Atom tableref="appear_vh_0_nl0_ce0">
          <Var>a</Var>
          <Var>b</Var>
          <Var>c</Var>
          <Var>d</Var>
          <Var>e</Var>
          <Var>f</Var>
        </Atom>
      </Foreach>
      <Exists>
        <Atom tableref="inform_vh_0_nl0_ce0">
          <Var>a</Var>
          <Var>b</Var>
          <SKFunction skname="SK0">
            <Var>a</Var>
            <Var>b</Var>
          </SKFunction>
        </Atom>
        <Atom tableref="hollow_vh_0_nl0_ce1">
          <Var>c</Var>
          <Var>d</Var>
          <SKFunction skname="SK1">
            <Var>a</Var>
            <Var>b</Var>
            <Var>c</Var>
            <Var>d</Var>
          </SKFunction>
          <SKFunction skname="SK0">
            <Var>a</Var>
            <Var>b</Var>
          </SKFunction>
        </Atom>
        <Atom tableref="space_vh_0_nl0_ce2">
          <Var>e</Var>
          <Var>f</Var>
          <SKFunction skname="SK2">
            <Var>a</Var>
            <Var>b</Var>
            <Var>e</Var>
            <Var>f</Var>
          </SKFunction>
          <SKFunction skname="SK1">
            <Var>a</Var>
            <Var>b</Var>
          </SKFunction>
        </Atom>
      </Exists>
    </Mapping>
  </Mappings>
</xm:MappingScenario>