<xm:MappingScenario xmlns:xm="org/vagabond/xmlmodel">
  <Schemas>
    <SourceSchema>
      <Relation name="pen_vh_0_nl0_ce0">
        <Attr>
          <Name>card_vh_0_nl0_ae0</Name>
          <DataType>TEXT</DataType>
        </Attr>
        <Attr>
          <Name>brick_vh_0_nl0_ae1</Name>
          <DataType>TEXT</DataType>
        </Attr>
        <Attr>
          <Name>smooth_vh_0_nl0_ae2</Name>
          <DataType>TEXT</DataType>
        </Attr>
        <Attr>
          <Name>will_vh_0_nl0_ae3</Name>
          <DataType>TEXT</DataType>
        </Attr>
        <Attr>
          <Name>rest_vh_0_nl0_ae4</Name>
          <DataType>TEXT</DataType>
        </Attr>
        <Attr>
          <Name>flat_vh_0_nl0_ae5</Name>
          <DataType>TEXT</DataType>
        </Attr>
      </Relation>
    </SourceSchema>
    <TargetSchema>
      <Relation name="know_vh_0_nl0_ce0">
        <Attr>
          <Name>card_vh_0_nl0_ae0</Name>
          <DataType>TEXT</DataType>
        </Attr>
        <Attr>
          <Name>brick_vh_0_nl0_ae1</Name>
          <DataType>TEXT</DataType>
        </Attr>
        <Attr>
          <Name>contain_vh_0_nl0_ae0JoinAttr</Name>
          <DataType>TEXT</DataType>
        </Attr>
        <PrimaryKey>
          <Attr>contain_vh_0_nl0_ae0JoinAttr</Attr>
        </PrimaryKey>
      </Relation>
      <Relation name="committee_vh_0_nl0_ce1">
        <Attr>
          <Name>smooth_vh_0_nl0_ae2</Name>
          <DataType>TEXT</DataType>
        </Attr>
        <Attr>
          <Name>will_vh_0_nl0_ae3</Name>
          <DataType>TEXT</DataType>
        </Attr>
        <Attr>
          <Name>contain_vh_0_nl0_ae0JoinAttr</Name>
          <DataType>TEXT</DataType>
        </Attr>
        <Attr>
          <Name>contain_vh_0_nl0_ae0JoinAttrRef</Name>
          <DataType>TEXT</DataType>
        </Attr>
        <PrimaryKey>
          <Attr>contain_vh_0_nl0_ae0JoinAttr</Attr>
        </PrimaryKey>
      </Relation>
      <Relation name="wash_vh_0_nl0_ce2">
        <Attr>
          <Name>rest_vh_0_nl0_ae4</Name>
          <DataType>TEXT</DataType>
        </Attr>
        <Attr>
          <Name>flat_vh_0_nl0_ae5</Name>
          <DataType>TEXT</DataType>
        </Attr>
        <Attr>
          <Name>contain_vh_0_nl0_ae0JoinAttr</Name>
          <DataType>TEXT</DataType>
        </Attr>
        <Attr>
          <Name>contain_vh_0_nl0_ae0JoinAttrRef</Name>
          <DataType>TEXT</DataType>
        </Attr>
        <PrimaryKey>
          <Attr>contain_vh_0_nl0_ae0JoinAttr</Attr>
        </PrimaryKey>
      </Relation>
      <ForeignKey>
        <From tableref="committee_vh_0_nl0_ce1">
          <Attr>contain_vh_0_nl0_ae0JoinAttrRef</Attr>
        </From>
        <To tableref="know_vh_0_nl0_ce0">
          <Attr>contain_vh_0_nl0_ae0JoinAttr</Attr>
        </To>
      </ForeignKey>
      <ForeignKey>
        <From tableref="wash_vh_0_nl0_ce2">
          <Attr>contain_vh_0_nl0_ae0JoinAttrRef</Attr>
        </From>
        <To tableref="committee_vh_0_nl0_ce1">
          <Attr>contain_vh_0_nl0_ae0JoinAttr</Attr>
        </To>
      </ForeignKey>
    </TargetSchema>
  </Schemas>
  <Correspondences>
    <Correspondence id="C0">
      <From tableref="pen_vh_0_nl0_ce0">
        <Attr>card_vh_0_nl0_ae0</Attr>
      </From>
      <To tableref="know_vh_0_nl0_ce0">
        <Attr>card_vh_0_nl0_ae0</Attr>
      </To>
    </Correspondence>
    <Correspondence id="C1">
      <From tableref="pen_vh_0_nl0_ce0">
        <Attr>brick_vh_0_nl0_ae1</Attr>
      </From>
      <To tableref="know_vh_0_nl0_ce0">
        <Attr>brick_vh_0_nl0_ae1</Attr>
      </To>
    </Correspondence>
    <Correspondence id="C2">
      <From tableref="pen_vh_0_nl0_ce0">
        <Attr>smooth_vh_0_nl0_ae2</Attr>
      </From>
      <To tableref="committee_vh_0_nl0_ce1">
        <Attr>smooth_vh_0_nl0_ae2</Attr>
      </To>
    </Correspondence>
    <Correspondence id="C3">
      <From tableref="pen_vh_0_nl0_ce0">
        <Attr>will_vh_0_nl0_ae3</Attr>
      </From>
      <To tableref="committee_vh_0_nl0_ce1">
        <Attr>will_vh_0_nl0_ae3</Attr>
      </To>
    </Correspondence>
    <Correspondence id="C4">
      <From tableref="pen_vh_0_nl0_ce0">
        <Attr>rest_vh_0_nl0_ae4</Attr>
      </From>
      <To tableref="wash_vh_0_nl0_ce2">
        <Attr>rest_vh_0_nl0_ae4</Attr>
      </To>
    </Correspondence>
    <Correspondence id="C5">
      <From tableref="pen_vh_0_nl0_ce0">
        <Attr>flat_vh_0_nl0_ae5</Attr>
      </From>
      <To tableref="wash_vh_0_nl0_ce2">
        <Attr>flat_vh_0_nl0_ae5</Attr>
      </To>
    </Correspondence>
  </Correspondences>
  <Mappings>
    <Mapping id="M0">
      <Uses>
        <Correspondence ref="C0"/>
        <Correspondence ref="C1"/>
        <Correspondence ref="C2"/>
        <Correspondence ref="C3"/>
        <Correspondence ref="C4"/>
        <Correspondence ref="C5"/>
      </Uses>
      <Foreach>
        <Atom tableref="pen_vh_0_nl0_ce0">
          <Var>a</Var>
          <Var>b</Var>
          <Var>c</Var>
          <Var>d</Var>
          <Var>e</Var>
          <Var>f</Var>
        </Atom>
      </Foreach>
      <Exists>
        <Atom tableref="know_vh_0_nl0_ce0">
          <Var>a</Var>
          <Var>b</Var>
          <SKFunction skname="SK0">
            <Var>a</Var>
            <Var>b</Var>
          </SKFunction>
        </Atom>
        <Atom tableref="committee_vh_0_nl0_ce1">
          <Var>c</Var>
          <Var>d</Var>
          <SKFunction skname="SK1">
            <Var>a</Var>
            <Var>b</Var>
            <Var>c</Var>
            <Var>d</Var>
          </SKFunction>
          <SKFunction skname="SK0">
            <Var>a</Var>
            <Var>b</Var>
          </SKFunction>
        </Atom>
        <Atom tableref="wash_vh_0_nl0_ce2">
          <Var>e</Var>
          <Var>f</Var>
          <SKFunction skname="SK2">
            <Var>a</Var>
            <Var>b</Var>
            <Var>c</Var>
            <Var>d</Var>
            <Var>e</Var>
            <Var>f</Var>
          </SKFunction>
          <SKFunction skname="SK1">
            <Var>a</Var>
            <Var>b</Var>
            <Var>c</Var>
            <Var>d</Var>
          </SKFunction>
        </Atom>
      </Exists>
    </Mapping>
  </Mappings>
</xm:MappingScenario>