<xm:MappingScenario xmlns:xm="org/vagabond/xmlmodel">
  <Schemas>
    <SourceSchema>
      <Relation name="bath_vp_0_nl0_ce0">
        <Attr>
          <Name>call_vp_0_nl0_ae0ke0</Name>
          <DataType>TEXT</DataType>
        </Attr>
        <Attr>
          <Name>rhythm_vp_0_nl0_ae1</Name>
          <DataType>TEXT</DataType>
        </Attr>
        <Attr>
          <Name>stomach_vp_0_nl0_ae2</Name>
          <DataType>TEXT</DataType>
        </Attr>
        <Attr>
          <Name>speak_vp_0_nl0_ae3</Name>
          <DataType>TEXT</DataType>
        </Attr>
        <Attr>
          <Name>place_vp_0_nl0_ae4</Name>
          <DataType>TEXT</DataType>
        </Attr>
        <Attr>
          <Name>return_vp_0_nl0_ae5</Name>
          <DataType>TEXT</DataType>
        </Attr>
        <PrimaryKey>
          <Attr>call_vp_0_nl0_ae0ke0</Attr>
        </PrimaryKey>
      </Relation>
    </SourceSchema>
    <TargetSchema>
      <Relation name="debts_vp_0_nl0_ce0">
        <Attr>
          <Name>call_vp_0_nl0_ae0ke0</Name>
          <DataType>TEXT</DataType>
        </Attr>
        <Attr>
          <Name>rhythm_vp_0_nl0_ae1</Name>
          <DataType>TEXT</DataType>
        </Attr>
        <Attr>
          <Name>match_vp_0_nl0_ae0JoinAttr</Name>
          <DataType>TEXT</DataType>
        </Attr>
        <PrimaryKey>
          <Attr>match_vp_0_nl0_ae0JoinAttr</Attr>
        </PrimaryKey>
      </Relation>
      <Relation name="wash_vp_0_nl0_ce1">
        <Attr>
          <Name>stomach_vp_0_nl0_ae2</Name>
          <DataType>TEXT</DataType>
        </Attr>
        <Attr>
          <Name>speak_vp_0_nl0_ae3</Name>
          <DataType>TEXT</DataType>
        </Attr>
        <Attr>
          <Name>match_vp_0_nl0_ae0JoinAttrRef</Name>
          <DataType>TEXT</DataType>
        </Attr>
        <PrimaryKey>
          <Attr>match_vp_0_nl0_ae0JoinAttrRef</Attr>
        </PrimaryKey>
      </Relation>
      <Relation name="gain_vp_0_nl0_ce2">
        <Attr>
          <Name>place_vp_0_nl0_ae4</Name>
          <DataType>TEXT</DataType>
        </Attr>
        <Attr>
          <Name>return_vp_0_nl0_ae5</Name>
          <DataType>TEXT</DataType>
        </Attr>
        <Attr>
          <Name>match_vp_0_nl0_ae0JoinAttrRef</Name>
          <DataType>TEXT</DataType>
        </Attr>
        <PrimaryKey>
          <Attr>match_vp_0_nl0_ae0JoinAttrRef</Attr>
        </PrimaryKey>
      </Relation>
      <ForeignKey>
        <From tableref="wash_vp_0_nl0_ce1">
          <Attr>match_vp_0_nl0_ae0JoinAttrRef</Attr>
        </From>
        <To tableref="debts_vp_0_nl0_ce0">
          <Attr>match_vp_0_nl0_ae0JoinAttr</Attr>
        </To>
      </ForeignKey>
      <ForeignKey>
        <From tableref="debts_vp_0_nl0_ce0">
          <Attr>match_vp_0_nl0_ae0JoinAttr</Attr>
        </From>
        <To tableref="wash_vp_0_nl0_ce1">
          <Attr>match_vp_0_nl0_ae0JoinAttrRef</Attr>
        </To>
      </ForeignKey>
      <ForeignKey>
        <From tableref="gain_vp_0_nl0_ce2">
          <Attr>match_vp_0_nl0_ae0JoinAttrRef</Attr>
        </From>
        <To tableref="debts_vp_0_nl0_ce0">
          <Attr>match_vp_0_nl0_ae0JoinAttr</Attr>
        </To>
      </ForeignKey>
      <ForeignKey>
        <From tableref="debts_vp_0_nl0_ce0">
          <Attr>match_vp_0_nl0_ae0JoinAttr</Attr>
        </From>
        <To tableref="gain_vp_0_nl0_ce2">
          <Attr>match_vp_0_nl0_ae0JoinAttrRef</Attr>
        </To>
      </ForeignKey>
    </TargetSchema>
  </Schemas>
  <Correspondences>
    <Correspondence id="C0">
      <From tableref="bath_vp_0_nl0_ce0">
        <Attr>call_vp_0_nl0_ae0ke0</Attr>
      </From>
      <To tableref="debts_vp_0_nl0_ce0">
        <Attr>call_vp_0_nl0_ae0ke0</Attr>
      </To>
    </Correspondence>
    <Correspondence id="C1">
      <From tableref="bath_vp_0_nl0_ce0">
        <Attr>rhythm_vp_0_nl0_ae1</Attr>
      </From>
      <To tableref="debts_vp_0_nl0_ce0">
        <Attr>rhythm_vp_0_nl0_ae1</Attr>
      </To>
    </Correspondence>
    <Correspondence id="C2">
      <From tableref="bath_vp_0_nl0_ce0">
        <Attr>stomach_vp_0_nl0_ae2</Attr>
      </From>
      <To tableref="wash_vp_0_nl0_ce1">
        <Attr>stomach_vp_0_nl0_ae2</Attr>
      </To>
    </Correspondence>
    <Correspondence id="C3">
      <From tableref="bath_vp_0_nl0_ce0">
        <Attr>speak_vp_0_nl0_ae3</Attr>
      </From>
      <To tableref="wash_vp_0_nl0_ce1">
        <Attr>speak_vp_0_nl0_ae3</Attr>
      </To>
    </Correspondence>
    <Correspondence id="C4">
      <From tableref="bath_vp_0_nl0_ce0">
        <Attr>place_vp_0_nl0_ae4</Attr>
      </From>
      <To tableref="gain_vp_0_nl0_ce2">
        <Attr>place_vp_0_nl0_ae4</Attr>
      </To>
    </Correspondence>
    <Correspondence id="C5">
      <From tableref="bath_vp_0_nl0_ce0">
        <Attr>return_vp_0_nl0_ae5</Attr>
      </From>
      <To tableref="gain_vp_0_nl0_ce2">
        <Attr>return_vp_0_nl0_ae5</Attr>
      </To>
    </Correspondence>
  </Correspondences>
  <Mappings>
    <Mapping id="M0">
      <Uses>
        <Correspondence ref="C0"/>
        <Correspondence ref="C1"/>
        <Correspondence ref="C2"/>
        <Correspondence ref="C3"/>
        <Correspondence ref="C4"/>
        <Correspondence ref="C5"/>
      </Uses>
      <Foreach>
        <Atom tableref="bath_vp_0_nl0_ce0">
          <Var>a</Var>
          <Var>b</Var>
          <Var>c</Var>
          <Var>d</Var>
          <Var>e</Var>
          <Var>f</Var>
        </Atom>
      </Foreach>
      <Exists>
        <Atom tableref="debts_vp_0_nl0_ce0">
          <Var>a</Var>
          <Var>b</Var>
          <SKFunction skname="SK0">
            <Var>a</Var>
            <Var>b</Var>
            <Var>c</Var>
            <Var>d</Var>
            <Var>e</Var>
            <Var>f</Var>
          </SKFunction>
        </Atom>
        <Atom tableref="wash_vp_0_nl0_ce1">
          <Var>c</Var>
          <Var>d</Var>
          <SKFunction skname="SK0">
            <Var>a</Var>
            <Var>b</Var>
            <Var>c</Var>
            <Var>d</Var>
            <Var>e</Var>
            <Var>f</Var>
          </SKFunction>
        </Atom>
        <Atom tableref="gain_vp_0_nl0_ce2">
          <Var>e</Var>
          <Var>f</Var>
          <SKFunction skname="SK0">
            <Var>a</Var>
            <Var>b</Var>
            <Var>c</Var>
            <Var>d</Var>
            <Var>e</Var>
            <Var>f</Var>
          </SKFunction>
        </Atom>
      </Exists>
    </Mapping>
  </Mappings>
</xm:MappingScenario>