<xm:MappingScenario xmlns:xm="org/vagabond/xmlmodel">
  <Schemas>
    <SourceSchema>
      <Relation name="head_vp_0_nl0_ce0">
        <Attr>
          <Name>judge_vp_0_nl0_ae0ke0</Name>
          <DataType>TEXT</DataType>
        </Attr>
        <Attr>
          <Name>prose_vp_0_nl0_ae1</Name>
          <DataType>TEXT</DataType>
        </Attr>
        <Attr>
          <Name>agencies_vp_0_nl0_ae2</Name>
          <DataType>TEXT</DataType>
        </Attr>
        <Attr>
          <Name>flat_vp_0_nl0_ae3</Name>
          <DataType>TEXT</DataType>
        </Attr>
        <Attr>
          <Name>train_vp_0_nl0_ae4</Name>
          <DataType>TEXT</DataType>
        </Attr>
        <Attr>
          <Name>boot_vp_0_nl0_ae5</Name>
          <DataType>TEXT</DataType>
        </Attr>
        <PrimaryKey>
          <Attr>judge_vp_0_nl0_ae0ke0</Attr>
        </PrimaryKey>
      </Relation>
    </SourceSchema>
    <TargetSchema>
      <Relation name="sea_vp_0_nl0_ce0">
        <Attr>
          <Name>judge_vp_0_nl0_ae0ke0</Name>
          <DataType>TEXT</DataType>
        </Attr>
        <Attr>
          <Name>prose_vp_0_nl0_ae1</Name>
          <DataType>TEXT</DataType>
        </Attr>
        <Attr>
          <Name>dependent_vp_0_nl0_ae0JoinAttr</Name>
          <DataType>TEXT</DataType>
        </Attr>
        <PrimaryKey>
          <Attr>dependent_vp_0_nl0_ae0JoinAttr</Attr>
        </PrimaryKey>
      </Relation>
      <Relation name="delicate_vp_0_nl0_ce1">
        <Attr>
          <Name>agencies_vp_0_nl0_ae2</Name>
          <DataType>TEXT</DataType>
        </Attr>
        <Attr>
          <Name>flat_vp_0_nl0_ae3</Name>
          <DataType>TEXT</DataType>
        </Attr>
        <Attr>
          <Name>dependent_vp_0_nl0_ae0JoinAttrRef</Name>
          <DataType>TEXT</DataType>
        </Attr>
        <PrimaryKey>
          <Attr>dependent_vp_0_nl0_ae0JoinAttrRef</Attr>
        </PrimaryKey>
      </Relation>
      <Relation name="sleep_vp_0_nl0_ce2">
        <Attr>
          <Name>train_vp_0_nl0_ae4</Name>
          <DataType>TEXT</DataType>
        </Attr>
        <Attr>
          <Name>boot_vp_0_nl0_ae5</Name>
          <DataType>TEXT</DataType>
        </Attr>
        <Attr>
          <Name>dependent_vp_0_nl0_ae0JoinAttrRef</Name>
          <DataType>TEXT</DataType>
        </Attr>
        <PrimaryKey>
          <Attr>dependent_vp_0_nl0_ae0JoinAttrRef</Attr>
        </PrimaryKey>
      </Relation>
      <ForeignKey>
        <From tableref="delicate_vp_0_nl0_ce1">
          <Attr>dependent_vp_0_nl0_ae0JoinAttrRef</Attr>
        </From>
        <To tableref="sea_vp_0_nl0_ce0">
          <Attr>dependent_vp_0_nl0_ae0JoinAttr</Attr>
        </To>
      </ForeignKey>
      <ForeignKey>
        <From tableref="sea_vp_0_nl0_ce0">
          <Attr>dependent_vp_0_nl0_ae0JoinAttr</Attr>
        </From>
        <To tableref="delicate_vp_0_nl0_ce1">
          <Attr>dependent_vp_0_nl0_ae0JoinAttrRef</Attr>
        </To>
      </ForeignKey>
      <ForeignKey>
        <From tableref="sleep_vp_0_nl0_ce2">
          <Attr>dependent_vp_0_nl0_ae0JoinAttrRef</Attr>
        </From>
        <To tableref="sea_vp_0_nl0_ce0">
          <Attr>dependent_vp_0_nl0_ae0JoinAttr</Attr>
        </To>
      </ForeignKey>
      <ForeignKey>
        <From tableref="sea_vp_0_nl0_ce0">
          <Attr>dependent_vp_0_nl0_ae0JoinAttr</Attr>
        </From>
        <To tableref="sleep_vp_0_nl0_ce2">
          <Attr>dependent_vp_0_nl0_ae0JoinAttrRef</Attr>
        </To>
      </ForeignKey>
    </TargetSchema>
  </Schemas>
  <Correspondences>
    <Correspondence id="C0">
      <From tableref="head_vp_0_nl0_ce0">
        <Attr>judge_vp_0_nl0_ae0ke0</Attr>
      </From>
      <To tableref="sea_vp_0_nl0_ce0">
        <Attr>judge_vp_0_nl0_ae0ke0</Attr>
      </To>
    </Correspondence>
    <Correspondence id="C1">
      <From tableref="head_vp_0_nl0_ce0">
        <Attr>prose_vp_0_nl0_ae1</Attr>
      </From>
      <To tableref="sea_vp_0_nl0_ce0">
        <Attr>prose_vp_0_nl0_ae1</Attr>
      </To>
    </Correspondence>
    <Correspondence id="C2">
      <From tableref="head_vp_0_nl0_ce0">
        <Attr>agencies_vp_0_nl0_ae2</Attr>
      </From>
      <To tableref="delicate_vp_0_nl0_ce1">
        <Attr>agencies_vp_0_nl0_ae2</Attr>
      </To>
    </Correspondence>
    <Correspondence id="C3">
      <From tableref="head_vp_0_nl0_ce0">
        <Attr>flat_vp_0_nl0_ae3</Attr>
      </From>
      <To tableref="delicate_vp_0_nl0_ce1">
        <Attr>flat_vp_0_nl0_ae3</Attr>
      </To>
    </Correspondence>
    <Correspondence id="C4">
      <From tableref="head_vp_0_nl0_ce0">
        <Attr>train_vp_0_nl0_ae4</Attr>
      </From>
      <To tableref="sleep_vp_0_nl0_ce2">
        <Attr>train_vp_0_nl0_ae4</Attr>
      </To>
    </Correspondence>
    <Correspondence id="C5">
      <From tableref="head_vp_0_nl0_ce0">
        <Attr>boot_vp_0_nl0_ae5</Attr>
      </From>
      <To tableref="sleep_vp_0_nl0_ce2">
        <Attr>boot_vp_0_nl0_ae5</Attr>
      </To>
    </Correspondence>
  </Correspondences>
  <Mappings>
    <Mapping id="M0">
      <Uses>
        <Correspondence ref="C0"/>
        <Correspondence ref="C1"/>
        <Correspondence ref="C2"/>
        <Correspondence ref="C3"/>
        <Correspondence ref="C4"/>
        <Correspondence ref="C5"/>
      </Uses>
      <Foreach>
        <Atom tableref="head_vp_0_nl0_ce0">
          <Var>a</Var>
          <Var>b</Var>
          <Var>c</Var>
          <Var>d</Var>
          <Var>e</Var>
          <Var>f</Var>
        </Atom>
      </Foreach>
      <Exists>
        <Atom tableref="sea_vp_0_nl0_ce0">
          <Var>a</Var>
          <Var>b</Var>
          <SKFunction skname="SK0">
            <Var>a</Var>
          </SKFunction>
        </Atom>
        <Atom tableref="delicate_vp_0_nl0_ce1">
          <Var>c</Var>
          <Var>d</Var>
          <SKFunction skname="SK0">
            <Var>a</Var>
          </SKFunction>
        </Atom>
        <Atom tableref="sleep_vp_0_nl0_ce2">
          <Var>e</Var>
          <Var>f</Var>
          <SKFunction skname="SK0">
            <Var>a</Var>
          </SKFunction>
        </Atom>
      </Exists>
    </Mapping>
  </Mappings>
</xm:MappingScenario>