<xm:MappingScenario xmlns:xm="org/vagabond/xmlmodel">
  <Schemas>
    <SourceSchema>
      <Relation name="art_vnm_0_nl0_ce0">
        <Attr>
          <Name>fly_vnm_0_nl0_ae0ke0</Name>
          <DataType>TEXT</DataType>
        </Attr>
        <Attr>
          <Name>important_vnm_0_nl0_ae1</Name>
          <DataType>TEXT</DataType>
        </Attr>
        <Attr>
          <Name>support_vnm_0_nl0_ae2</Name>
          <DataType>TEXT</DataType>
        </Attr>
        <Attr>
          <Name>silver_vnm_0_nl0_ae3</Name>
          <DataType>TEXT</DataType>
        </Attr>
        <Attr>
          <Name>tight_vnm_0_nl0_ae4</Name>
          <DataType>TEXT</DataType>
        </Attr>
        <Attr>
          <Name>orange_vnm_0_nl0_ae5</Name>
          <DataType>TEXT</DataType>
        </Attr>
        <PrimaryKey>
          <Attr>fly_vnm_0_nl0_ae0ke0</Attr>
        </PrimaryKey>
      </Relation>
    </SourceSchema>
    <TargetSchema>
      <Relation name="respect_vnm_0_nl0_ce0">
        <Attr>
          <Name>fly_vnm_0_nl0_ae0ke0</Name>
          <DataType>TEXT</DataType>
        </Attr>
        <Attr>
          <Name>important_vnm_0_nl0_ae1</Name>
          <DataType>TEXT</DataType>
        </Attr>
        <Attr>
          <Name>support_vnm_0_nl0_ae2</Name>
          <DataType>TEXT</DataType>
        </Attr>
        <Attr>
          <Name>stone_vnm_0_nl0_ae0</Name>
          <DataType>TEXT</DataType>
        </Attr>
        <PrimaryKey>
          <Attr>stone_vnm_0_nl0_ae0</Attr>
        </PrimaryKey>
      </Relation>
      <Relation name="interest_vnm_0_nl0_ce1">
        <Attr>
          <Name>silver_vnm_0_nl0_ae3</Name>
          <DataType>TEXT</DataType>
        </Attr>
        <Attr>
          <Name>tight_vnm_0_nl0_ae4</Name>
          <DataType>TEXT</DataType>
        </Attr>
        <Attr>
          <Name>orange_vnm_0_nl0_ae5</Name>
          <DataType>TEXT</DataType>
        </Attr>
        <Attr>
          <Name>fertile_vnm_0_nl1_ae0</Name>
          <DataType>TEXT</DataType>
        </Attr>
        <PrimaryKey>
          <Attr>fertile_vnm_0_nl1_ae0</Attr>
        </PrimaryKey>
      </Relation>
      <Relation name="condition_vnm_0_nl0_ce2">
        <Attr>
          <Name>stone_vnm_0_nl0_ae0Ref</Name>
          <DataType>TEXT</DataType>
        </Attr>
        <Attr>
          <Name>fertile_vnm_0_nl1_ae0Ref</Name>
          <DataType>TEXT</DataType>
        </Attr>
      </Relation>
      <ForeignKey>
        <From tableref="condition_vnm_0_nl0_ce2">
          <Attr>stone_vnm_0_nl0_ae0Ref</Attr>
        </From>
        <To tableref="respect_vnm_0_nl0_ce0">
          <Attr>stone_vnm_0_nl0_ae0</Attr>
        </To>
      </ForeignKey>
      <ForeignKey>
        <From tableref="condition_vnm_0_nl0_ce2">
          <Attr>fertile_vnm_0_nl1_ae0Ref</Attr>
        </From>
        <To tableref="interest_vnm_0_nl0_ce1">
          <Attr>fertile_vnm_0_nl1_ae0</Attr>
        </To>
      </ForeignKey>
    </TargetSchema>
  </Schemas>
  <Correspondences>
    <Correspondence id="C0">
      <From tableref="art_vnm_0_nl0_ce0">
        <Attr>fly_vnm_0_nl0_ae0ke0</Attr>
      </From>
      <To tableref="respect_vnm_0_nl0_ce0">
        <Attr>fly_vnm_0_nl0_ae0ke0</Attr>
      </To>
    </Correspondence>
    <Correspondence id="C1">
      <From tableref="art_vnm_0_nl0_ce0">
        <Attr>important_vnm_0_nl0_ae1</Attr>
      </From>
      <To tableref="respect_vnm_0_nl0_ce0">
        <Attr>important_vnm_0_nl0_ae1</Attr>
      </To>
    </Correspondence>
    <Correspondence id="C2">
      <From tableref="art_vnm_0_nl0_ce0">
        <Attr>support_vnm_0_nl0_ae2</Attr>
      </From>
      <To tableref="respect_vnm_0_nl0_ce0">
        <Attr>support_vnm_0_nl0_ae2</Attr>
      </To>
    </Correspondence>
    <Correspondence id="C3">
      <From tableref="art_vnm_0_nl0_ce0">
        <Attr>silver_vnm_0_nl0_ae3</Attr>
      </From>
      <To tableref="interest_vnm_0_nl0_ce1">
        <Attr>silver_vnm_0_nl0_ae3</Attr>
      </To>
    </Correspondence>
    <Correspondence id="C4">
      <From tableref="art_vnm_0_nl0_ce0">
        <Attr>tight_vnm_0_nl0_ae4</Attr>
      </From>
      <To tableref="interest_vnm_0_nl0_ce1">
        <Attr>tight_vnm_0_nl0_ae4</Attr>
      </To>
    </Correspondence>
    <Correspondence id="C5">
      <From tableref="art_vnm_0_nl0_ce0">
        <Attr>orange_vnm_0_nl0_ae5</Attr>
      </From>
      <To tableref="interest_vnm_0_nl0_ce1">
        <Attr>orange_vnm_0_nl0_ae5</Attr>
      </To>
    </Correspondence>
  </Correspondences>
  <Mappings>
    <Mapping id="M0">
      <Uses>
        <Correspondence ref="C0"/>
        <Correspondence ref="C1"/>
        <Correspondence ref="C2"/>
        <Correspondence ref="C3"/>
        <Correspondence ref="C4"/>
        <Correspondence ref="C5"/>
      </Uses>
      <Foreach>
        <Atom tableref="art_vnm_0_nl0_ce0">
          <Var>a</Var>
          <Var>b</Var>
          <Var>c</Var>
          <Var>d</Var>
          <Var>e</Var>
          <Var>f</Var>
        </Atom>
      </Foreach>
      <Exists>
        <Atom tableref="respect_vnm_0_nl0_ce0">
          <Var>a</Var>
          <Var>b</Var>
          <Var>c</Var>
          <SKFunction skname="SK0">
            <Var>a</Var>
            <Var>b</Var>
            <Var>c</Var>
          </SKFunction>
        </Atom>
        <Atom tableref="interest_vnm_0_nl0_ce1">
          <Var>d</Var>
          <Var>e</Var>
          <Var>f</Var>
          <SKFunction skname="SK1">
            <Var>d</Var>
            <Var>e</Var>
            <Var>f</Var>
          </SKFunction>
        </Atom>
        <Atom tableref="condition_vnm_0_nl0_ce2">
          <SKFunction skname="SK0">
            <Var>a</Var>
            <Var>b</Var>
            <Var>c</Var>
          </SKFunction>
          <SKFunction skname="SK1">
            <Var>d</Var>
            <Var>e</Var>
            <Var>f</Var>
          </SKFunction>
        </Atom>
      </Exists>
    </Mapping>
  </Mappings>
</xm:MappingScenario>